<html>
<body>
<pre>
<h1>µVision Build Log</h1>
<h2>Tool Versions:</h2>
IDE-Version: µVision V5.38.0.0
Copyright (C) 2022 ARM Ltd and ARM Germany GmbH. All rights reserved.
License Information: isik altunkol, Middle East Technical University, LIC=----
 
Tool Versions:
Toolchain:       MDK-Lite  Version: 5.38.0.0
Toolchain Path:  C:\Keil_v5\ARM\ARMCLANG\Bin
C Compiler:      ArmClang.exe V6.19
Assembler:       Armasm.exe V6.19
Linker/Locator:  ArmLink.exe V6.19
Library Manager: ArmAr.exe V6.19
Hex Converter:   FromElf.exe V6.19
CPU DLL:         SARMCM3.DLL V5.38.0.0
Dialog DLL:      DCM.DLL V1.17.5.0
Target DLL:      lmidk-agdi.dll V???
Dialog DLL:      TCM.DLL V1.56.4.0
 
<h2>Project:</h2>
C:\Users\isikemir\Desktop\Courses\EE447\Experiments\EE447-IntroductionMicroprocessors\LAB4-General-Purpose-Timers\LAB4_Keil_Project\GPTM.uvprojx
Project File Date:  12/04/2022

<h2>Output:</h2>
*** Using Compiler 'V6.19', folder: 'C:\Keil_v5\ARM\ARMCLANG\Bin'
Build target 'Target 1'
main2interrupt.c(7): warning: In file included from...
C:/Users/isikemir/AppData/Local/Arm/Packs/Keil/TM4C_DFP/1.1.0/Device/Include/TM4C123\TM4C123GH6PM.h(298): warning: anonymous unions are a C11 extension [-Wc11-extensions]
  union {
  ^
C:/Users/isikemir/AppData/Local/Arm/Packs/Keil/TM4C_DFP/1.1.0/Device/Include/TM4C123\TM4C123GH6PM.h(338): warning: anonymous unions are a C11 extension [-Wc11-extensions]
  union {
  ^
C:/Users/isikemir/AppData/Local/Arm/Packs/Keil/TM4C_DFP/1.1.0/Device/Include/TM4C123\TM4C123GH6PM.h(357): warning: anonymous unions are a C11 extension [-Wc11-extensions]
  union {
  ^
C:/Users/isikemir/AppData/Local/Arm/Packs/Keil/TM4C_DFP/1.1.0/Device/Include/TM4C123\TM4C123GH6PM.h(713): warning: anonymous unions are a C11 extension [-Wc11-extensions]
  union {
  ^
C:/Users/isikemir/AppData/Local/Arm/Packs/Keil/TM4C_DFP/1.1.0/Device/Include/TM4C123\TM4C123GH6PM.h(729): warning: anonymous unions are a C11 extension [-Wc11-extensions]
  union {
  ^
C:/Users/isikemir/AppData/Local/Arm/Packs/Keil/TM4C_DFP/1.1.0/Device/Include/TM4C123\TM4C123GH6PM.h(774): warning: anonymous unions are a C11 extension [-Wc11-extensions]
  union {
  ^
C:/Users/isikemir/AppData/Local/Arm/Packs/Keil/TM4C_DFP/1.1.0/Device/Include/TM4C123\TM4C123GH6PM.h(779): warning: anonymous unions are a C11 extension [-Wc11-extensions]
  union {
  ^
C:/Users/isikemir/AppData/Local/Arm/Packs/Keil/TM4C_DFP/1.1.0/Device/Include/TM4C123\TM4C123GH6PM.h(872): warning: anonymous unions are a C11 extension [-Wc11-extensions]
  union {
  ^
C:/Users/isikemir/AppData/Local/Arm/Packs/Keil/TM4C_DFP/1.1.0/Device/Include/TM4C123\TM4C123GH6PM.h(885): warning: anonymous unions are a C11 extension [-Wc11-extensions]
  union {
  ^
C:/Users/isikemir/AppData/Local/Arm/Packs/Keil/TM4C_DFP/1.1.0/Device/Include/TM4C123\TM4C123GH6PM.h(892): warning: anonymous unions are a C11 extension [-Wc11-extensions]
  union {
  ^
C:/Users/isikemir/AppData/Local/Arm/Packs/Keil/TM4C_DFP/1.1.0/Device/Include/TM4C123\TM4C123GH6PM.h(897): warning: anonymous unions are a C11 extension [-Wc11-extensions]
  union {
  ^
C:/Users/isikemir/AppData/Local/Arm/Packs/Keil/TM4C_DFP/1.1.0/Device/Include/TM4C123\TM4C123GH6PM.h(904): warning: anonymous unions are a C11 extension [-Wc11-extensions]
  union {
  ^
C:/Users/isikemir/AppData/Local/Arm/Packs/Keil/TM4C_DFP/1.1.0/Device/Include/TM4C123\TM4C123GH6PM.h(910): warning: anonymous unions are a C11 extension [-Wc11-extensions]
  union {
  ^
C:/Users/isikemir/AppData/Local/Arm/Packs/Keil/TM4C_DFP/1.1.0/Device/Include/TM4C123\TM4C123GH6PM.h(917): warning: anonymous unions are a C11 extension [-Wc11-extensions]
  union {
  ^
C:/Users/isikemir/AppData/Local/Arm/Packs/Keil/TM4C_DFP/1.1.0/Device/Include/TM4C123\TM4C123GH6PM.h(924): warning: anonymous unions are a C11 extension [-Wc11-extensions]
  union {
  ^
C:/Users/isikemir/AppData/Local/Arm/Packs/Keil/TM4C_DFP/1.1.0/Device/Include/TM4C123\TM4C123GH6PM.h(929): warning: anonymous unions are a C11 extension [-Wc11-extensions]
  union {
  ^
C:/Users/isikemir/AppData/Local/Arm/Packs/Keil/TM4C_DFP/1.1.0/Device/Include/TM4C123\TM4C123GH6PM.h(936): warning: anonymous unions are a C11 extension [-Wc11-extensions]
  union {
  ^
C:/Users/isikemir/AppData/Local/Arm/Packs/Keil/TM4C_DFP/1.1.0/Device/Include/TM4C123\TM4C123GH6PM.h(942): warning: anonymous unions are a C11 extension [-Wc11-extensions]
  union {
  ^
C:/Users/isikemir/AppData/Local/Arm/Packs/Keil/TM4C_DFP/1.1.0/Device/Include/TM4C123\TM4C123GH6PM.h(949): warning: anonymous unions are a C11 extension [-Wc11-extensions]
  union {
  ^
C:/Users/isikemir/AppData/Local/Arm/Packs/Keil/TM4C_DFP/1.1.0/Device/Include/TM4C123\TM4C123GH6PM.h(956): warning: anonymous unions are a C11 extension [-Wc11-extensions]
  union {
  ^
C:/Users/isikemir/AppData/Local/Arm/Packs/Keil/TM4C_DFP/1.1.0/Device/Include/TM4C123\TM4C123GH6PM.h(961): warning: anonymous unions are a C11 extension [-Wc11-extensions]
  union {
  ^
C:/Users/isikemir/AppData/Local/Arm/Packs/Keil/TM4C_DFP/1.1.0/Device/Include/TM4C123\TM4C123GH6PM.h(968): warning: anonymous unions are a C11 extension [-Wc11-extensions]
  union {
  ^
C:/Users/isikemir/AppData/Local/Arm/Packs/Keil/TM4C_DFP/1.1.0/Device/Include/TM4C123\TM4C123GH6PM.h(974): warning: anonymous unions are a C11 extension [-Wc11-extensions]
  union {
  ^
C:/Users/isikemir/AppData/Local/Arm/Packs/Keil/TM4C_DFP/1.1.0/Device/Include/TM4C123\TM4C123GH6PM.h(981): warning: anonymous unions are a C11 extension [-Wc11-extensions]
  union {
  ^
C:/Users/isikemir/AppData/Local/Arm/Packs/Keil/TM4C_DFP/1.1.0/Device/Include/TM4C123\TM4C123GH6PM.h(988): warning: anonymous unions are a C11 extension [-Wc11-extensions]
  union {
  ^
C:/Users/isikemir/AppData/Local/Arm/Packs/Keil/TM4C_DFP/1.1.0/Device/Include/TM4C123\TM4C123GH6PM.h(993): warning: anonymous unions are a C11 extension [-Wc11-extensions]
  union {
  ^
C:/Users/isikemir/AppData/Local/Arm/Packs/Keil/TM4C_DFP/1.1.0/Device/Include/TM4C123\TM4C123GH6PM.h(1000): warning: anonymous unions are a C11 extension [-Wc11-extensions]
  union {
  ^
C:/Users/isikemir/AppData/Local/Arm/Packs/Keil/TM4C_DFP/1.1.0/Device/Include/TM4C123\TM4C123GH6PM.h(1006): warning: anonymous unions are a C11 extension [-Wc11-extensions]
  union {
  ^
C:/Users/isikemir/AppData/Local/Arm/Packs/Keil/TM4C_DFP/1.1.0/Device/Include/TM4C123\TM4C123GH6PM.h(1013): warning: anonymous unions are a C11 extension [-Wc11-extensions]
  union {
  ^
C:/Users/isikemir/AppData/Local/Arm/Packs/Keil/TM4C_DFP/1.1.0/Device/Include/TM4C123\TM4C123GH6PM.h(1020): warning: anonymous unions are a C11 extension [-Wc11-extensions]
  union {
  ^
C:/Users/isikemir/AppData/Local/Arm/Packs/Keil/TM4C_DFP/1.1.0/Device/Include/TM4C123\TM4C123GH6PM.h(1025): warning: anonymous unions are a C11 extension [-Wc11-extensions]
  union {
  ^
C:/Users/isikemir/AppData/Local/Arm/Packs/Keil/TM4C_DFP/1.1.0/Device/Include/TM4C123\TM4C123GH6PM.h(1032): warning: anonymous unions are a C11 extension [-Wc11-extensions]
  union {
  ^
C:/Users/isikemir/AppData/Local/Arm/Packs/Keil/TM4C_DFP/1.1.0/Device/Include/TM4C123\TM4C123GH6PM.h(1038): warning: anonymous unions are a C11 extension [-Wc11-extensions]
  union {
  ^
C:/Users/isikemir/AppData/Local/Arm/Packs/Keil/TM4C_DFP/1.1.0/Device/Include/TM4C123\TM4C123GH6PM.h(1045): warning: anonymous unions are a C11 extension [-Wc11-extensions]
  union {
  ^
C:/Users/isikemir/AppData/Local/Arm/Packs/Keil/TM4C_DFP/1.1.0/Device/Include/TM4C123\TM4C123GH6PM.h(1052): warning: anonymous unions are a C11 extension [-Wc11-extensions]
  union {
  ^
C:/Users/isikemir/AppData/Local/Arm/Packs/Keil/TM4C_DFP/1.1.0/Device/Include/TM4C123\TM4C123GH6PM.h(1057): warning: anonymous unions are a C11 extension [-Wc11-extensions]
  union {
  ^
C:/Users/isikemir/AppData/Local/Arm/Packs/Keil/TM4C_DFP/1.1.0/Device/Include/TM4C123\TM4C123GH6PM.h(1064): warning: anonymous unions are a C11 extension [-Wc11-extensions]
  union {
  ^
C:/Users/isikemir/AppData/Local/Arm/Packs/Keil/TM4C_DFP/1.1.0/Device/Include/TM4C123\TM4C123GH6PM.h(1070): warning: anonymous unions are a C11 extension [-Wc11-extensions]
  union {
  ^
C:/Users/isikemir/AppData/Local/Arm/Packs/Keil/TM4C_DFP/1.1.0/Device/Include/TM4C123\TM4C123GH6PM.h(1077): warning: anonymous unions are a C11 extension [-Wc11-extensions]
  union {
  ^
C:/Users/isikemir/AppData/Local/Arm/Packs/Keil/TM4C_DFP/1.1.0/Device/Include/TM4C123\TM4C123GH6PM.h(1084): warning: anonymous unions are a C11 extension [-Wc11-extensions]
  union {
  ^
C:/Users/isikemir/AppData/Local/Arm/Packs/Keil/TM4C_DFP/1.1.0/Device/Include/TM4C123\TM4C123GH6PM.h(1089): warning: anonymous unions are a C11 extension [-Wc11-extensions]
  union {
  ^
C:/Users/isikemir/AppData/Local/Arm/Packs/Keil/TM4C_DFP/1.1.0/Device/Include/TM4C123\TM4C123GH6PM.h(1096): warning: anonymous unions are a C11 extension [-Wc11-extensions]
  union {
  ^
C:/Users/isikemir/AppData/Local/Arm/Packs/Keil/TM4C_DFP/1.1.0/Device/Include/TM4C123\TM4C123GH6PM.h(1102): warning: anonymous unions are a C11 extension [-Wc11-extensions]
  union {
  ^
C:/Users/isikemir/AppData/Local/Arm/Packs/Keil/TM4C_DFP/1.1.0/Device/Include/TM4C123\TM4C123GH6PM.h(1251): warning: anonymous unions are a C11 extension [-Wc11-extensions]
  union {
  ^
main2interrupt.c(31): warning: no previous extern declaration for non-static variable 'count' [-Wmissing-variable-declarations]
int count = 0;
    ^
main2interrupt.c(31): note: declare 'static' if the variable is not intended to be used outside of this translation unit
int count = 0;
^
main2interrupt.c(35): warning: no previous extern declaration for non-static variable 'rising_edge_current' [-Wmissing-variable-declarations]
uint32_t rising_edge_current = 0;
         ^
main2interrupt.c(35): note: declare 'static' if the variable is not intended to be used outside of this translation unit
uint32_t rising_edge_current = 0;
^
main2interrupt.c(36): warning: no previous extern declaration for non-static variable 'rising_edge_former' [-Wmissing-variable-declarations]
uint32_t rising_edge_former  = 0;
         ^
main2interrupt.c(36): note: declare 'static' if the variable is not intended to be used outside of this translation unit
uint32_t rising_edge_former  = 0;
^
main2interrupt.c(37): warning: no previous extern declaration for non-static variable 'falling_edge' [-Wmissing-variable-declarations]
uint32_t falling_edge = 0;
         ^
main2interrupt.c(37): note: declare 'static' if the variable is not intended to be used outside of this translation unit
uint32_t falling_edge = 0;
^
main2interrupt.c(20): warning: no previous extern declaration for non-static variable 'msg' [-Wmissing-variable-declarations]
char msg[80];
     ^
main2interrupt.c(20): note: declare 'static' if the variable is not intended to be used outside of this translation unit
char msg[80];
^
main2interrupt.c(32): warning: no previous extern declaration for non-static variable 'time_period' [-Wmissing-variable-declarations]
double time_period;
       ^
main2interrupt.c(32): note: declare 'static' if the variable is not intended to be used outside of this translation unit
double time_period;
^
main2interrupt.c(33): warning: no previous extern declaration for non-static variable 'time_width' [-Wmissing-variable-declarations]
double time_width;
       ^
main2interrupt.c(33): note: declare 'static' if the variable is not intended to be used outside of this translation unit
double time_width;
^
main2interrupt.c(34): warning: no previous extern declaration for non-static variable 'time_duty' [-Wmissing-variable-declarations]
double time_duty;
       ^
main2interrupt.c(34): note: declare 'static' if the variable is not intended to be used outside of this translation unit
double time_duty;
^
52 warnings generated.
compiling main2interrupt.c...
linking...
Program Size: Code=9196 RO-data=1224 RW-data=0 ZI-data=728  
".\Objects\GPTM.axf" - 0 Error(s), 52 Warning(s).

<h2>Software Packages used:</h2>

Package Vendor: ARM
                http://www.keil.com/pack/ARM.CMSIS.5.9.0.pack
                ARM.CMSIS.5.9.0
                CMSIS (Common Microcontroller Software Interface Standard)
   * Component: CORE Version: 5.6.0

Package Vendor: Keil
                http://www.keil.com/pack/Keil.TM4C_DFP.1.1.0.pack
                Keil.TM4C_DFP.1.1.0
                Texas Instruments Tiva C Series Device Support and Examples
   * Component: Startup Version: 1.0.1

<h2>Collection of Component include folders:</h2>
  ./RTE/_Target_1
  C:/Users/isikemir/AppData/Local/Arm/Packs/ARM/CMSIS/5.9.0/CMSIS/Core/Include
  C:/Users/isikemir/AppData/Local/Arm/Packs/Keil/TM4C_DFP/1.1.0/Device/Include/TM4C123

<h2>Collection of Component Files used:</h2>

   * Component: ARM::CMSIS:CORE:5.6.0

   * Component: Keil::Device:Startup:1.0.1
      Include file:  Device/Include/TM4C123/TM4C123.h
      Source file:   Device/Source/system_TM4C123.c
      Source file:   Device/Source/ARM/startup_TM4C123.s
Build Time Elapsed:  00:00:01
</pre>
</body>
</html>
