Component: Arm Compiler for Embedded 6.18 Tool: armlink [5e4cc100]

==============================================================================

Section Cross References

    adc.o(.ARM.exidx.text.GPIO_init) refers to adc.o(.text.GPIO_init) for [Anonymous Symbol]
    adc.o(.text.ADC0_init) refers to delay1s.o(main) for DELAY1S
    adc.o(.ARM.exidx.text.ADC0_init) refers to adc.o(.text.ADC0_init) for [Anonymous Symbol]
    adc.o(.text.main) refers to adc.o(.text.GPIO_init) for GPIO_init
    adc.o(.text.main) refers to adc.o(.text.ADC0_init) for ADC0_init
    adc.o(.text.main) refers to adc.o(.bss.adc_raw) for adc_raw
    adc.o(.text.main) refers to dflt_clz.o(x$fpl$dflt) for __aeabi_i2d
    adc.o(.text.main) refers to dmul.o(x$fpl$dmul) for __aeabi_dmul
    adc.o(.text.main) refers to daddsub_clz.o(x$fpl$dadd) for __aeabi_dadd
    adc.o(.text.main) refers to d2f.o(x$fpl$d2f) for __aeabi_d2f
    adc.o(.text.main) refers to adc.o(.bss.voltage) for voltage
    adc.o(.text.main) refers to f2d.o(x$fpl$f2d) for __aeabi_f2d
    adc.o(.text.main) refers to adc.o(.bss.charArr) for charArr
    adc.o(.text.main) refers to adc.o(.rodata.str1.1) for .L.str
    adc.o(.text.main) refers to sprintf.o(.text) for sprintf
    adc.o(.text.main) refers to outstr.o(.text) for OutStr
    adc.o(.text.main) refers to delay1s.o(main) for DELAY1S
    adc.o(.ARM.exidx.text.main) refers to adc.o(.text.main) for [Anonymous Symbol]
    startup_tm4c123.o(STACK) refers (Special) to heapauxi.o(.text) for __use_two_region_memory
    startup_tm4c123.o(HEAP) refers (Special) to heapauxi.o(.text) for __use_two_region_memory
    startup_tm4c123.o(RESET) refers (Special) to heapauxi.o(.text) for __use_two_region_memory
    startup_tm4c123.o(RESET) refers to startup_tm4c123.o(STACK) for __initial_sp
    startup_tm4c123.o(RESET) refers to startup_tm4c123.o(.text) for Reset_Handler
    startup_tm4c123.o(.text) refers (Special) to heapauxi.o(.text) for __use_two_region_memory
    startup_tm4c123.o(.text) refers to system_tm4c123.o(.text.SystemInit) for SystemInit
    startup_tm4c123.o(.text) refers to __main.o(!!!main) for __main
    startup_tm4c123.o(.text) refers to startup_tm4c123.o(HEAP) for Heap_Mem
    startup_tm4c123.o(.text) refers to startup_tm4c123.o(STACK) for Stack_Mem
    system_tm4c123.o(.text.SystemCoreClockUpdate) refers to system_tm4c123.o(.text.getOscClk) for getOscClk
    system_tm4c123.o(.text.SystemCoreClockUpdate) refers to system_tm4c123.o(.data.SystemCoreClock) for SystemCoreClock
    system_tm4c123.o(.ARM.exidx.text.SystemCoreClockUpdate) refers to system_tm4c123.o(.text.SystemCoreClockUpdate) for [Anonymous Symbol]
    system_tm4c123.o(.ARM.exidx.text.getOscClk) refers to system_tm4c123.o(.text.getOscClk) for [Anonymous Symbol]
    system_tm4c123.o(.ARM.exidx.text.SystemInit) refers to system_tm4c123.o(.text.SystemInit) for [Anonymous Symbol]
    sprintf.o(.text) refers (Special) to _printf_a.o(.ARM.Collect$$_printf_percent$$00000006) for _printf_a
    sprintf.o(.text) refers (Special) to _printf_c.o(.ARM.Collect$$_printf_percent$$00000013) for _printf_c
    sprintf.o(.text) refers (Special) to _printf_charcount.o(.text) for _printf_charcount
    sprintf.o(.text) refers (Special) to _printf_d.o(.ARM.Collect$$_printf_percent$$00000009) for _printf_d
    sprintf.o(.text) refers (Special) to _printf_e.o(.ARM.Collect$$_printf_percent$$00000004) for _printf_e
    sprintf.o(.text) refers (Special) to _printf_f.o(.ARM.Collect$$_printf_percent$$00000003) for _printf_f
    sprintf.o(.text) refers (Special) to printf1.o(x$fpl$printf1) for _printf_fp_dec
    sprintf.o(.text) refers (Special) to printf2.o(x$fpl$printf2) for _printf_fp_hex
    sprintf.o(.text) refers (Special) to _printf_g.o(.ARM.Collect$$_printf_percent$$00000005) for _printf_g
    sprintf.o(.text) refers (Special) to _printf_i.o(.ARM.Collect$$_printf_percent$$00000008) for _printf_i
    sprintf.o(.text) refers (Special) to _printf_dec.o(.text) for _printf_int_dec
    sprintf.o(.text) refers (Special) to _printf_l.o(.ARM.Collect$$_printf_percent$$00000012) for _printf_l
    sprintf.o(.text) refers (Special) to _printf_lc.o(.ARM.Collect$$_printf_percent$$00000015) for _printf_lc
    sprintf.o(.text) refers (Special) to _printf_ll.o(.ARM.Collect$$_printf_percent$$00000007) for _printf_ll
    sprintf.o(.text) refers (Special) to _printf_lld.o(.ARM.Collect$$_printf_percent$$0000000E) for _printf_lld
    sprintf.o(.text) refers (Special) to _printf_lli.o(.ARM.Collect$$_printf_percent$$0000000D) for _printf_lli
    sprintf.o(.text) refers (Special) to _printf_llo.o(.ARM.Collect$$_printf_percent$$00000010) for _printf_llo
    sprintf.o(.text) refers (Special) to _printf_llu.o(.ARM.Collect$$_printf_percent$$0000000F) for _printf_llu
    sprintf.o(.text) refers (Special) to _printf_llx.o(.ARM.Collect$$_printf_percent$$00000011) for _printf_llx
    sprintf.o(.text) refers (Special) to _printf_longlong_dec.o(.text) for _printf_longlong_dec
[...]
    ../clib/libinit.s                        0x00000000   Number         0  libinit.o ABSOLUTE
    ../clib/libinit.s                        0x00000000   Number         0  libinit2.o ABSOLUTE
    ../clib/libinit.s                        0x00000000   Number         0  libshutdown.o ABSOLUTE
    ../clib/libinit.s                        0x00000000   Number         0  libshutdown2.o ABSOLUTE
    ../clib/locale.c                         0x00000000   Number         0  _c16rtomb.o ABSOLUTE
    ../clib/locale.s                         0x00000000   Number         0  lc_numeric_c.o ABSOLUTE
    ../clib/locale.s                         0x00000000   Number         0  lc_ctype_c.o ABSOLUTE
    ../clib/longlong.s                       0x00000000   Number         0  lludiv10.o ABSOLUTE
    ../clib/longlong.s                       0x00000000   Number         0  llushr.o ABSOLUTE
    ../clib/memcpset.s                       0x00000000   Number         0  strcmpv7em.o ABSOLUTE
    ../clib/misc.s                           0x00000000   Number         0  printf_stubs.o ABSOLUTE
    ../clib/printf.c                         0x00000000   Number         0  sprintf.o ABSOLUTE
    ../clib/printf.c                         0x00000000   Number         0  __printf.o ABSOLUTE
    ../clib/printf.c                         0x00000000   Number         0  _printf_pad.o ABSOLUTE
    ../clib/printf.c                         0x00000000   Number         0  _printf_truncate.o ABSOLUTE
    ../clib/printf.c                         0x00000000   Number         0  _printf_str.o ABSOLUTE
    ../clib/printf.c                         0x00000000   Number         0  _printf_dec.o ABSOLUTE
    ../clib/printf.c                         0x00000000   Number         0  _printf_charcount.o ABSOLUTE
    ../clib/printf.c                         0x00000000   Number         0  _printf_char_common.o ABSOLUTE
    ../clib/printf.c                         0x00000000   Number         0  _sputc.o ABSOLUTE
    ../clib/printf.c                         0x00000000   Number         0  _printf_wctomb.o ABSOLUTE
    ../clib/printf.c                         0x00000000   Number         0  _printf_longlong_dec.o ABSOLUTE
    ../clib/printf.c                         0x00000000   Number         0  _printf_oct_ll.o ABSOLUTE
    ../clib/printf.c                         0x00000000   Number         0  _printf_oct_int.o ABSOLUTE
    ../clib/printf.c                         0x00000000   Number         0  _printf_oct_int_ll.o ABSOLUTE
    ../clib/printf.c                         0x00000000   Number         0  _printf_hex_ll.o ABSOLUTE
    ../clib/printf.c                         0x00000000   Number         0  _printf_hex_int.o ABSOLUTE
    ../clib/printf.c                         0x00000000   Number         0  _printf_hex_int_ll.o ABSOLUTE
    ../clib/printf.c                         0x00000000   Number         0  _printf_hex_ptr.o ABSOLUTE
    ../clib/printf.c                         0x00000000   Number         0  _printf_hex_int_ptr.o ABSOLUTE
    ../clib/printf.c                         0x00000000   Number         0  _printf_hex_ll_ptr.o ABSOLUTE
    ../clib/printf.c                         0x00000000   Number         0  _printf_hex_int_ll_ptr.o ABSOLUTE
    ../clib/printf.c                         0x00000000   Number         0  __printf_flags.o ABSOLUTE
    ../clib/printf.c                         0x00000000   Number         0  __printf_ss.o ABSOLUTE
    ../clib/printf.c                         0x00000000   Number         0  __printf_flags_ss.o ABSOLUTE
    ../clib/printf.c                         0x00000000   Number         0  __printf_wp.o ABSOLUTE
    ../clib/printf.c                         0x00000000   Number         0  __printf_flags_wp.o ABSOLUTE
    ../clib/printf.c                         0x00000000   Number         0  __printf_ss_wp.o ABSOLUTE
    ../clib/printf.c                         0x00000000   Number         0  __printf_flags_ss_wp.o ABSOLUTE
    ../clib/printf.c                         0x00000000   Number         0  _printf_intcommon.o ABSOLUTE
    ../clib/printf.c                         0x00000000   Number         0  _printf_fp_dec.o ABSOLUTE
    ../clib/printf.c                         0x00000000   Number         0  _printf_fp_dec_accurate.o ABSOLUTE
    ../clib/printf.c                         0x00000000   Number         0  _printf_fp_hex.o ABSOLUTE
    ../clib/printf.c                         0x00000000   Number         0  __printf_nopercent.o ABSOLUTE
    ../clib/printf.c                         0x00000000   Number         0  _printf_char.o ABSOLUTE
    ../clib/printf.c                         0x00000000   Number         0  _printf_wchar.o ABSOLUTE
    ../clib/printf.c                         0x00000000   Number         0  _printf_fp_infnan.o ABSOLUTE
    ../clib/printf_percent.s                 0x00000000   Number         0  _printf_c.o ABSOLUTE
    ../clib/printf_percent.s                 0x00000000   Number         0  _printf_s.o ABSOLUTE
    ../clib/printf_percent.s                 0x00000000   Number         0  _printf_n.o ABSOLUTE
    ../clib/printf_percent.s                 0x00000000   Number         0  _printf_x.o ABSOLUTE
    ../clib/printf_percent.s                 0x00000000   Number         0  _printf_p.o ABSOLUTE
    ../clib/printf_percent.s                 0x00000000   Number         0  _printf_o.o ABSOLUTE
    ../clib/printf_percent.s                 0x00000000   Number         0  _printf_i.o ABSOLUTE
    ../clib/printf_percent.s                 0x00000000   Number         0  _printf_d.o ABSOLUTE
    ../clib/printf_percent.s                 0x00000000   Number         0  _printf_u.o ABSOLUTE
    ../clib/printf_percent.s                 0x00000000   Number         0  _printf_f.o ABSOLUTE
    ../clib/printf_percent.s                 0x00000000   Number         0  _printf_e.o ABSOLUTE
    ../clib/printf_percent.s                 0x00000000   Number         0  _printf_g.o ABSOLUTE
    ../clib/printf_percent.s                 0x00000000   Number         0  _printf_a.o ABSOLUTE
    ../clib/printf_percent.s                 0x00000000   Number         0  _printf_percent.o ABSOLUTE
    ../clib/printf_percent.s                 0x00000000   Number         0  _printf_lli.o ABSOLUTE
    ../clib/printf_percent.s                 0x00000000   Number         0  _printf_lld.o ABSOLUTE
    ../clib/printf_percent.s                 0x00000000   Number         0  _printf_llu.o ABSOLUTE
    ../clib/printf_percent.s                 0x00000000   Number         0  _printf_ll.o ABSOLUTE
    ../clib/printf_percent.s                 0x00000000   Number         0  _printf_l.o ABSOLUTE
    ../clib/printf_percent.s                 0x00000000   Number         0  _printf_lc.o ABSOLUTE
    ../clib/printf_percent.s                 0x00000000   Number         0  _printf_ls.o ABSOLUTE
    ../clib/printf_percent.s                 0x00000000   Number         0  _printf_llo.o ABSOLUTE
    ../clib/printf_percent.s                 0x00000000   Number         0  _printf_llx.o ABSOLUTE
    ../clib/printf_percent.s                 0x00000000   Number         0  _printf_percent_end.o ABSOLUTE
    ../clib/signal.c                         0x00000000   Number         0  defsig_rtmem_outer.o ABSOLUTE
    ../clib/signal.c                         0x00000000   Number         0  defsig_rtmem_formal.o ABSOLUTE
    ../clib/signal.c                         0x00000000   Number         0  defsig_exit.o ABSOLUTE
    ../clib/signal.c                         0x00000000   Number         0  defsig_rtmem_inner.o ABSOLUTE
    ../clib/signal.c                         0x00000000   Number         0  __raise.o ABSOLUTE
    ../clib/signal.c                         0x00000000   Number         0  defsig_general.o ABSOLUTE
    ../clib/signal.c                         0x00000000   Number         0  defsig_abrt_inner.o ABSOLUTE
    ../clib/signal.c                         0x00000000   Number         0  defsig_fpe_inner.o ABSOLUTE
    ../clib/signal.c                         0x00000000   Number         0  defsig_rtred_inner.o ABSOLUTE
    ../clib/signal.c                         0x00000000   Number         0  defsig_stak_inner.o ABSOLUTE
    ../clib/signal.c                         0x00000000   Number         0  defsig_pvfn_inner.o ABSOLUTE
    ../clib/signal.c                         0x00000000   Number         0  defsig_cppl_inner.o ABSOLUTE
    ../clib/signal.c                         0x00000000   Number         0  defsig_segv_inner.o ABSOLUTE
    ../clib/signal.c                         0x00000000   Number         0  defsig_other.o ABSOLUTE
    ../clib/signal.s                         0x00000000   Number         0  defsig.o ABSOLUTE
    ../clib/stdlib.c                         0x00000000   Number         0  exit.o ABSOLUTE
    ../fplib/d2f.s                           0x00000000   Number         0  d2f.o ABSOLUTE
    ../fplib/daddsub.s                       0x00000000   Number         0  daddsub_clz.o ABSOLUTE
    ../fplib/dflt.s                          0x00000000   Number         0  dflt_clz.o ABSOLUTE
    ../fplib/dmul.s                          0x00000000   Number         0  dmul.o ABSOLUTE
    ../fplib/dnaninf.s                       0x00000000   Number         0  dnaninf.o ABSOLUTE
    ../fplib/dretinf.s                       0x00000000   Number         0  dretinf.o ABSOLUTE
    ../fplib/f2d.s                           0x00000000   Number         0  f2d.o ABSOLUTE
    ../fplib/fnaninf.s                       0x00000000   Number         0  fnaninf.o ABSOLUTE
    ../fplib/fpinit.s                        0x00000000   Number         0  fpinit.o ABSOLUTE
    ../fplib/fretinf.s                       0x00000000   Number         0  fretinf.o ABSOLUTE
    ../fplib/istatus.s                       0x00000000   Number         0  istatus.o ABSOLUTE
    ../fplib/printf1.s                       0x00000000   Number         0  printf1.o ABSOLUTE
    ../fplib/printf2.s                       0x00000000   Number         0  printf2.o ABSOLUTE
    ../fplib/printf2a.s                      0x00000000   Number         0  printf2a.o ABSOLUTE
    ../fplib/printf2b.s                      0x00000000   Number         0  printf2b.o ABSOLUTE
    ../fplib/usenofp.s                       0x00000000   Number         0  usenofp.o ABSOLUTE
    ../mathlib/fpclassify.c                  0x00000000   Number         0  fpclassify.o ABSOLUTE
    ADC.c                                    0x00000000   Number         0  adc.o ABSOLUTE
    DELAY100.s                               0x00000000   Number         0  delay100.o ABSOLUTE
    DELAY1S.s                                0x00000000   Number         0  delay1s.o ABSOLUTE
    OutStr.s                                 0x00000000   Number         0  outstr.o ABSOLUTE
    RTE/Device/TM4C123GH6PM/startup_TM4C123.s 0x00000000   Number         0  startup_tm4c123.o ABSOLUTE
    dc.s                                     0x00000000   Number         0  dc.o ABSOLUTE
    system_TM4C123.c                         0x00000000   Number         0  system_tm4c123.o ABSOLUTE
    RESET                                    0x00000000   Section      620  startup_tm4c123.o(RESET)
    !!!main                                  0x0000026c   Section        8  __main.o(!!!main)
    !!!scatter                               0x00000274   Section       52  __scatter.o(!!!scatter)
    !!handler_zi                             0x000002a8   Section       28  __scatter_zi.o(!!handler_zi)
    .ARM.Collect$$_printf_percent$$00000000  0x000002c4   Section        0  _printf_percent.o(.ARM.Collect$$_printf_percent$$00000000)
    .ARM.Collect$$_printf_percent$$00000001  0x000002c4   Section        6  _printf_n.o(.ARM.Collect$$_printf_percent$$00000001)
    .ARM.Collect$$_printf_percent$$00000002  0x000002ca   Section        6  _printf_p.o(.ARM.Collect$$_printf_percent$$00000002)
    .ARM.Collect$$_printf_percent$$00000003  0x000002d0   Section        6  _printf_f.o(.ARM.Collect$$_printf_percent$$00000003)
    .ARM.Collect$$_printf_percent$$00000004  0x000002d6   Section        6  _printf_e.o(.ARM.Collect$$_printf_percent$$00000004)
    .ARM.Collect$$_printf_percent$$00000005  0x000002dc   Section        6  _printf_g.o(.ARM.Collect$$_printf_percent$$00000005)
    .ARM.Collect$$_printf_percent$$00000006  0x000002e2   Section        6  _printf_a.o(.ARM.Collect$$_printf_percent$$00000006)
    .ARM.Collect$$_printf_percent$$00000007  0x000002e8   Section       10  _printf_ll.o(.ARM.Collect$$_printf_percent$$00000007)
    .ARM.Collect$$_printf_percent$$00000008  0x000002f2   Section        6  _printf_i.o(.ARM.Collect$$_printf_percent$$00000008)
    .ARM.Collect$$_printf_percent$$00000009  0x000002f8   Section        6  _printf_d.o(.ARM.Collect$$_printf_percent$$00000009)
    .ARM.Collect$$_printf_percent$$0000000A  0x000002fe   Section        6  _printf_u.o(.ARM.Collect$$_printf_percent$$0000000A)
    .ARM.Collect$$_printf_percent$$0000000B  0x00000304   Section        6  _printf_o.o(.ARM.Collect$$_printf_percent$$0000000B)
    .ARM.Collect$$_printf_percent$$0000000C  0x0000030a   Section        6  _printf_x.o(.ARM.Collect$$_printf_percent$$0000000C)
    .ARM.Collect$$_printf_percent$$0000000D  0x00000310   Section        6  _printf_lli.o(.ARM.Collect$$_printf_percent$$0000000D)
    .ARM.Collect$$_printf_percent$$0000000E  0x00000316   Section        6  _printf_lld.o(.ARM.Collect$$_printf_percent$$0000000E)
    .ARM.Collect$$_printf_percent$$0000000F  0x0000031c   Section        6  _printf_llu.o(.ARM.Collect$$_printf_percent$$0000000F)
    .ARM.Collect$$_printf_percent$$00000010  0x00000322   Section        6  _printf_llo.o(.ARM.Collect$$_printf_percent$$00000010)
    .ARM.Collect$$_printf_percent$$00000011  0x00000328   Section        6  _printf_llx.o(.ARM.Collect$$_printf_percent$$00000011)
    .ARM.Collect$$_printf_percent$$00000012  0x0000032e   Section       10  _printf_l.o(.ARM.Collect$$_printf_percent$$00000012)
    .ARM.Collect$$_printf_percent$$00000013  0x00000338   Section        6  _printf_c.o(.ARM.Collect$$_printf_percent$$00000013)
    .ARM.Collect$$_printf_percent$$00000014  0x0000033e   Section        6  _printf_s.o(.ARM.Collect$$_printf_percent$$00000014)
    .ARM.Collect$$_printf_percent$$00000015  0x00000344   Section        6  _printf_lc.o(.ARM.Collect$$_printf_percent$$00000015)
    .ARM.Collect$$_printf_percent$$00000016  0x0000034a   Section        6  _printf_ls.o(.ARM.Collect$$_printf_percent$$00000016)
    .ARM.Collect$$_printf_percent$$00000017  0x00000350   Section        4  _printf_percent_end.o(.ARM.Collect$$_printf_percent$$00000017)
    .ARM.Collect$$libinit$$00000000          0x00000354   Section        2  libinit.o(.ARM.Collect$$libinit$$00000000)
    .ARM.Collect$$libinit$$00000001          0x00000356   Section        4  libinit2.o(.ARM.Collect$$libinit$$00000001)
    .ARM.Collect$$libinit$$00000004          0x0000035a   Section        0  libinit2.o(.ARM.Collect$$libinit$$00000004)
    .ARM.Collect$$libinit$$00000006          0x0000035a   Section        0  libinit2.o(.ARM.Collect$$libinit$$00000006)
    .ARM.Collect$$libinit$$0000000C          0x0000035a   Section        0  libinit2.o(.ARM.Collect$$libinit$$0000000C)
    .ARM.Collect$$libinit$$0000000E          0x0000035a   Section        0  libinit2.o(.ARM.Collect$$libinit$$0000000E)
    .ARM.Collect$$libinit$$00000010          0x0000035a   Section        0  libinit2.o(.ARM.Collect$$libinit$$00000010)
    .ARM.Collect$$libinit$$00000011          0x0000035a   Section        6  libinit2.o(.ARM.Collect$$libinit$$00000011)
    .ARM.Collect$$libinit$$00000013          0x00000360   Section        0  libinit2.o(.ARM.Collect$$libinit$$00000013)
    .ARM.Collect$$libinit$$00000014          0x00000360   Section       12  libinit2.o(.ARM.Collect$$libinit$$00000014)
    .ARM.Collect$$libinit$$00000015          0x0000036c   Section        0  libinit2.o(.ARM.Collect$$libinit$$00000015)
    .ARM.Collect$$libinit$$00000017          0x0000036c   Section        0  libinit2.o(.ARM.Collect$$libinit$$00000017)
    .ARM.Collect$$libinit$$00000018          0x0000036c   Section       10  libinit2.o(.ARM.Collect$$libinit$$00000018)
    .ARM.Collect$$libinit$$00000019          0x00000376   Section        0  libinit2.o(.ARM.Collect$$libinit$$00000019)
    .ARM.Collect$$libinit$$0000001B          0x00000376   Section        0  libinit2.o(.ARM.Collect$$libinit$$0000001B)
    .ARM.Collect$$libinit$$0000001D          0x00000376   Section        0  libinit2.o(.ARM.Collect$$libinit$$0000001D)
    .ARM.Collect$$libinit$$0000001F          0x00000376   Section        0  libinit2.o(.ARM.Collect$$libinit$$0000001F)
    .ARM.Collect$$libinit$$00000021          0x00000376   Section        0  libinit2.o(.ARM.Collect$$libinit$$00000021)
    .ARM.Collect$$libinit$$00000023          0x00000376   Section        0  libinit2.o(.ARM.Collect$$libinit$$00000023)
    .ARM.Collect$$libinit$$00000025          0x00000376   Section        0  libinit2.o(.ARM.Collect$$libinit$$00000025)
    .ARM.Collect$$libinit$$00000027          0x00000376   Section        0  libinit2.o(.ARM.Collect$$libinit$$00000027)
    .ARM.Collect$$libinit$$0000002E          0x00000376   Section        0  libinit2.o(.ARM.Collect$$libinit$$0000002E)
    .ARM.Collect$$libinit$$00000030          0x00000376   Section        0  libinit2.o(.ARM.Collect$$libinit$$00000030)
    .ARM.Collect$$libinit$$00000032          0x00000376   Section        0  libinit2.o(.ARM.Collect$$libinit$$00000032)
    .ARM.Collect$$libinit$$00000034          0x00000376   Section        0  libinit2.o(.ARM.Collect$$libinit$$00000034)
    .ARM.Collect$$libinit$$00000035          0x00000376   Section        2  libinit2.o(.ARM.Collect$$libinit$$00000035)
    .ARM.Collect$$libshutdown$$00000000      0x00000378   Section        2  libshutdown.o(.ARM.Collect$$libshutdown$$00000000)
    .ARM.Collect$$libshutdown$$00000002      0x0000037a   Section        0  libshutdown2.o(.ARM.Collect$$libshutdown$$00000002)
    .ARM.Collect$$libshutdown$$00000004      0x0000037a   Section        0  libshutdown2.o(.ARM.Collect$$libshutdown$$00000004)
    .ARM.Collect$$libshutdown$$00000007      0x0000037a   Section        0  libshutdown2.o(.ARM.Collect$$libshutdown$$00000007)
    .ARM.Collect$$libshutdown$$0000000A      0x0000037a   Section        0  libshutdown2.o(.ARM.Collect$$libshutdown$$0000000A)
    .ARM.Collect$$libshutdown$$0000000C      0x0000037a   Section        0  libshutdown2.o(.ARM.Collect$$libshutdown$$0000000C)
    .ARM.Collect$$libshutdown$$0000000F      0x0000037a   Section        0  libshutdown2.o(.ARM.Collect$$libshutdown$$0000000F)
    .ARM.Collect$$libshutdown$$00000010      0x0000037a   Section        2  libshutdown2.o(.ARM.Collect$$libshutdown$$00000010)
    .ARM.Collect$$rtentry$$00000000          0x0000037c   Section        0  __rtentry.o(.ARM.Collect$$rtentry$$00000000)
    .ARM.Collect$$rtentry$$00000002          0x0000037c   Section        0  __rtentry2.o(.ARM.Collect$$rtentry$$00000002)
    .ARM.Collect$$rtentry$$00000004          0x0000037c   Section        6  __rtentry4.o(.ARM.Collect$$rtentry$$00000004)
    .ARM.Collect$$rtentry$$00000009          0x00000382   Section        0  __rtentry2.o(.ARM.Collect$$rtentry$$00000009)
    .ARM.Collect$$rtentry$$0000000A          0x00000382   Section        4  __rtentry2.o(.ARM.Collect$$rtentry$$0000000A)
    .ARM.Collect$$rtentry$$0000000C          0x00000386   Section        0  __rtentry2.o(.ARM.Collect$$rtentry$$0000000C)
    .ARM.Collect$$rtentry$$0000000D          0x00000386   Section        8  __rtentry2.o(.ARM.Collect$$rtentry$$0000000D)
    .ARM.Collect$$rtexit$$00000000           0x0000038e   Section        2  rtexit.o(.ARM.Collect$$rtexit$$00000000)
    .ARM.Collect$$rtexit$$00000002           0x00000390   Section        0  rtexit2.o(.ARM.Collect$$rtexit$$00000002)
    .ARM.Collect$$rtexit$$00000003           0x00000390   Section        4  rtexit2.o(.ARM.Collect$$rtexit$$00000003)
    .ARM.Collect$$rtexit$$00000004           0x00000394   Section        6  rtexit2.o(.ARM.Collect$$rtexit$$00000004)
    $v0                                      0x0000039c   Number         0  outstr.o(.text)
    .text                                    0x0000039c   Section      236  outstr.o(.text)
    $v0                                      0x00000488   Number         0  startup_tm4c123.o(.text)
    .text                                    0x00000488   Section      276  startup_tm4c123.o(.text)
    .text                                    0x0000059c   Section        0  sprintf.o(.text)
    .text                                    0x000005c8   Section        0  heapauxi.o(.text)
    .text                                    0x000005ce   Section        0  _printf_pad.o(.text)
    .text                                    0x0000061c   Section        0  _printf_truncate.o(.text)
    .text                                    0x00000640   Section        0  _printf_str.o(.text)
    .text                                    0x00000694   Section        0  _printf_dec.o(.text)
    .text                                    0x0000070c   Section        0  _printf_charcount.o(.text)
    _printf_input_char                       0x00000735   Thumb Code    10  _printf_char_common.o(.text)
    .text                                    0x00000734   Section        0  _printf_char_common.o(.text)
    .text                                    0x00000764   Section        0  _sputc.o(.text)
    .text                                    0x00000770   Section        0  _printf_wctomb.o(.text)
    .text                                    0x0000082c   Section        0  _printf_longlong_dec.o(.text)
    _printf_longlong_oct_internal            0x000008a9   Thumb Code     0  _printf_oct_int_ll.o(.text)
    .text                                    0x000008a8   Section        0  _printf_oct_int_ll.o(.text)
    _printf_hex_common                       0x00000919   Thumb Code     0  _printf_hex_int_ll_ptr.o(.text)
    .text                                    0x00000918   Section        0  _printf_hex_int_ll_ptr.o(.text)
    .text                                    0x000009ac   Section        0  __printf_flags_ss_wp.o(.text)
    .text                                    0x00000b34   Section      138  lludiv10.o(.text)
    .text                                    0x00000bbe   Section        0  _printf_intcommon.o(.text)
    _fp_digits                               0x00000c71   Thumb Code   432  _printf_fp_dec.o(.text)
    .text                                    0x00000c70   Section        0  _printf_fp_dec.o(.text)
    .text                                    0x0000108c   Section        0  _printf_fp_hex.o(.text)
    .text                                    0x00001388   Section        0  _printf_char.o(.text)
    .text                                    0x000013b4   Section        0  _printf_wchar.o(.text)
    .text                                    0x000013e0   Section        0  _c16rtomb.o(.text)
    .text                                    0x00001428   Section       74  sys_stackheap_outer.o(.text)
    .text                                    0x00001474   Section       16  rt_ctype_table.o(.text)
    .text                                    0x00001484   Section        8  rt_locale_intlibspace.o(.text)
    .text                                    0x0000148c   Section        0  _printf_fp_infnan.o(.text)
    .text                                    0x0000150c   Section        0  bigflt0.o(.text)
    .text                                    0x000015f0   Section        0  exit.o(.text)
    .text                                    0x00001604   Section        8  libspace.o(.text)
    .text                                    0x00001610   Section      124  strcmpv7em.o(.text)
    .text                                    0x0000168c   Section        0  sys_exit.o(.text)
    .text                                    0x00001698   Section        2  use_no_semi.o(.text)
    .text                                    0x0000169a   Section        0  indicate_semi.o(.text)
    [Anonymous Symbol]                       0x0000169c   Section        0  adc.o(.text.ADC0_init)
    [Anonymous Symbol]                       0x00001708   Section        0  adc.o(.text.GPIO_init)
    [Anonymous Symbol]                       0x00001774   Section        0  system_tm4c123.o(.text.SystemInit)
    [Anonymous Symbol]                       0x00001788   Section        0  adc.o(.text.main)
    CL$$btod_d2e                             0x000018a8   Section       62  btod.o(CL$$btod_d2e)
    CL$$btod_d2e_denorm_low                  0x000018e6   Section       70  btod.o(CL$$btod_d2e_denorm_low)
    CL$$btod_d2e_norm_op1                    0x0000192c   Section       96  btod.o(CL$$btod_d2e_norm_op1)
    CL$$btod_div_common                      0x0000198c   Section      824  btod.o(CL$$btod_div_common)
    CL$$btod_e2e                             0x00001cc4   Section      220  btod.o(CL$$btod_e2e)
    CL$$btod_ediv                            0x00001da0   Section       42  btod.o(CL$$btod_ediv)
    CL$$btod_emul                            0x00001dca   Section       42  btod.o(CL$$btod_emul)
    CL$$btod_mult_common                     0x00001df4   Section      580  btod.o(CL$$btod_mult_common)
    i.__ARM_fpclassify                       0x00002038   Section        0  fpclassify.o(i.__ARM_fpclassify)
    i._is_digit                              0x00002068   Section        0  __printf_wp.o(i._is_digit)
    locale$$code                             0x00002078   Section       44  lc_numeric_c.o(locale$$code)
    locale$$code                             0x000020a4   Section       44  lc_ctype_c.o(locale$$code)
    $v0                                      0x000020d0   Number         0  delay1s.o(main)
    main                                     0x000020d0   Section       20  delay1s.o(main)
    $v0                                      0x000020e4   Number         0  d2f.o(x$fpl$d2f)
    x$fpl$d2f                                0x000020e4   Section       98  d2f.o(x$fpl$d2f)
    $v0                                      0x00002148   Number         0  daddsub_clz.o(x$fpl$dadd)
    x$fpl$dadd                               0x00002148   Section      336  daddsub_clz.o(x$fpl$dadd)
    _dadd1                                   0x00002159   Thumb Code     0  daddsub_clz.o(x$fpl$dadd)
    $v0                                      0x00002298   Number         0  dflt_clz.o(x$fpl$dflt)
    x$fpl$dflt                               0x00002298   Section       46  dflt_clz.o(x$fpl$dflt)
    $v0                                      0x000022c8   Number         0  dmul.o(x$fpl$dmul)
    x$fpl$dmul                               0x000022c8   Section      340  dmul.o(x$fpl$dmul)
    $v0                                      0x0000241c   Number         0  dnaninf.o(x$fpl$dnaninf)
    x$fpl$dnaninf                            0x0000241c   Section      156  dnaninf.o(x$fpl$dnaninf)
    $v0                                      0x000024b8   Number         0  dretinf.o(x$fpl$dretinf)
    x$fpl$dretinf                            0x000024b8   Section       12  dretinf.o(x$fpl$dretinf)
    $v0                                      0x000024c4   Number         0  daddsub_clz.o(x$fpl$dsub)
    x$fpl$dsub                               0x000024c4   Section      476  daddsub_clz.o(x$fpl$dsub)
    _dsub1                                   0x000024d5   Thumb Code     0  daddsub_clz.o(x$fpl$dsub)
    $v0                                      0x000026a0   Number         0  f2d.o(x$fpl$f2d)
    x$fpl$f2d                                0x000026a0   Section       86  f2d.o(x$fpl$f2d)
    $v0                                      0x000026f6   Number         0  fnaninf.o(x$fpl$fnaninf)
    x$fpl$fnaninf                            0x000026f6   Section      140  fnaninf.o(x$fpl$fnaninf)
    $v0                                      0x00002782   Number         0  fpinit.o(x$fpl$fpinit)
    x$fpl$fpinit                             0x00002782   Section       26  fpinit.o(x$fpl$fpinit)
    $v0                                      0x0000279c   Number         0  fretinf.o(x$fpl$fretinf)
    x$fpl$fretinf                            0x0000279c   Section       10  fretinf.o(x$fpl$fretinf)
    $v0                                      0x000027a6   Number         0  printf1.o(x$fpl$printf1)
    x$fpl$printf1                            0x000027a6   Section        4  printf1.o(x$fpl$printf1)
    $v0                                      0x000027aa   Number         0  printf2.o(x$fpl$printf2)
    x$fpl$printf2                            0x000027aa   Section        4  printf2.o(x$fpl$printf2)
    x$fpl$usenofp                            0x000027ae   Section        0  usenofp.o(x$fpl$usenofp)
    initial_mbstate                          0x000027b0   Data           8  _printf_wctomb.o(.constdata)
    .constdata                               0x000027b0   Section        8  _printf_wctomb.o(.constdata)
    uc_hextab                                0x000027b8   Data          20  _printf_hex_int_ll_ptr.o(.constdata)
    .constdata                               0x000027b8   Section       40  _printf_hex_int_ll_ptr.o(.constdata)
    lc_hextab                                0x000027cc   Data          20  _printf_hex_int_ll_ptr.o(.constdata)
    maptable                                 0x000027e0   Data          17  __printf_flags_ss_wp.o(.constdata)
    .constdata                               0x000027e0   Section       17  __printf_flags_ss_wp.o(.constdata)
    lc_hextab                                0x000027f1   Data          19  _printf_fp_hex.o(.constdata)
    .constdata                               0x000027f1   Section       38  _printf_fp_hex.o(.constdata)
    uc_hextab                                0x00002804   Data          19  _printf_fp_hex.o(.constdata)
    tenpwrs_x                                0x00002818   Data          60  bigflt0.o(.constdata)
    .constdata                               0x00002818   Section      148  bigflt0.o(.constdata)
    tenpwrs_i                                0x00002854   Data          64  bigflt0.o(.constdata)
    .L.str                                   0x000028ac   Data          11  adc.o(.rodata.str1.1)
    [Anonymous Symbol]                       0x000028ac   Section        0  adc.o(.rodata.str1.1)
    locale$$data                             0x000028c8   Section       28  lc_numeric_c.o(locale$$data)
    __lcnum_c_name                           0x000028cc   Data           2  lc_numeric_c.o(locale$$data)
    __lcnum_c_start                          0x000028d4   Data           0  lc_numeric_c.o(locale$$data)
    __lcnum_c_point                          0x000028e0   Data           0  lc_numeric_c.o(locale$$data)
    __lcnum_c_thousands                      0x000028e2   Data           0  lc_numeric_c.o(locale$$data)
    __lcnum_c_grouping                       0x000028e3   Data           0  lc_numeric_c.o(locale$$data)
    __lcnum_c_end                            0x000028e4   Data           0  lc_numeric_c.o(locale$$data)
    locale$$data                             0x000028e4   Section      272  lc_ctype_c.o(locale$$data)
    __lcctype_c_name                         0x000028e8   Data           2  lc_ctype_c.o(locale$$data)
    __lcctype_c_start                        0x000028f0   Data           0  lc_ctype_c.o(locale$$data)
    __lcctype_c_end                          0x000029f4   Data           0  lc_ctype_c.o(locale$$data)
    .bss                                     0x20000000   Section       96  libspace.o(.bss)
    Heap_Mem                                 0x20000080   Data           0  startup_tm4c123.o(HEAP)
    Stack_Mem                                0x20000080   Data         512  startup_tm4c123.o(STACK)
    HEAP                                     0x20000080   Section        0  startup_tm4c123.o(HEAP)
    STACK                                    0x20000080   Section      512  startup_tm4c123.o(STACK)
    __initial_sp                             0x20000280   Data           0  startup_tm4c123.o(STACK)

    Global Symbols

    Symbol Name                              Value     Ov Type        Size  Object(Section)

    BuildAttributes$$THM_ISAv4$E$P$D$K$B$S$7EM$VFPi3$EXTD16$VFPS$VFMA$PE$A:L22UL41UL21$X:L11$S22US41US21$IEEE1$IW$~IW$USESV6$~STKCKD$USESV7$~SHL$OTIME$ROPI$IEEEJ$EBA8$UX$STANDARDLIB$REQ8$EABIv2 0x00000000   Number         0  anon$$obj.o ABSOLUTE
    __Vectors                                0x00000000   Data           4  startup_tm4c123.o(RESET)
    _printf_flags                            0x00000000   Number         0  printf_stubs.o ABSOLUTE
    _printf_return_value                     0x00000000   Number         0  printf_stubs.o ABSOLUTE
    _printf_sizespec                         0x00000000   Number         0  printf_stubs.o ABSOLUTE
    _printf_widthprec                        0x00000000   Number         0  printf_stubs.o ABSOLUTE
    __ARM_exceptions_init                     - Undefined Weak Reference
    __alloca_initialize                       - Undefined Weak Reference
    __arm_preinit_                            - Undefined Weak Reference
    __arm_relocate_pie_                       - Undefined Weak Reference
    __cpp_initialize__aeabi_                  - Undefined Weak Reference
    __cxa_finalize                            - Undefined Weak Reference
    __sigvec_lookup                           - Undefined Weak Reference
    _atexit_init                              - Undefined Weak Reference
    _call_atexit_fns                          - Undefined Weak Reference
    _clock_init                               - Undefined Weak Reference
    _fp_trap_init                             - Undefined Weak Reference
    _fp_trap_shutdown                         - Undefined Weak Reference
    _get_lc_collate                           - Undefined Weak Reference
    _get_lc_monetary                          - Undefined Weak Reference
    _get_lc_time                              - Undefined Weak Reference
    _getenv_init                              - Undefined Weak Reference
    _handle_redirection                       - Undefined Weak Reference
    _init_alloc                               - Undefined Weak Reference
    _init_user_alloc                          - Undefined Weak Reference
    _initio                                   - Undefined Weak Reference
    _printf_mbtowc                            - Undefined Weak Reference
    _printf_wc                                - Undefined Weak Reference
    _rand_init                                - Undefined Weak Reference
    _signal_finish                            - Undefined Weak Reference
    _signal_init                              - Undefined Weak Reference
    _terminate_alloc                          - Undefined Weak Reference
    _terminate_user_alloc                     - Undefined Weak Reference
    _terminateio                              - Undefined Weak Reference
    __Vectors_End                            0x0000026c   Data           0  startup_tm4c123.o(RESET)
    __Vectors_Size                           0x0000026c   Number         0  startup_tm4c123.o ABSOLUTE
    __main                                   0x0000026d   Thumb Code     8  __main.o(!!!main)
    __scatterload                            0x00000275   Thumb Code     0  __scatter.o(!!!scatter)
    __scatterload_rt2                        0x00000275   Thumb Code    44  __scatter.o(!!!scatter)
    __scatterload_rt2_thumb_only             0x00000275   Thumb Code     0  __scatter.o(!!!scatter)
    __scatterload_null                       0x00000283   Thumb Code     0  __scatter.o(!!!scatter)
    __scatterload_zeroinit                   0x000002a9   Thumb Code    28  __scatter_zi.o(!!handler_zi)
    _printf_n                                0x000002c5   Thumb Code     0  _printf_n.o(.ARM.Collect$$_printf_percent$$00000001)
    _printf_percent                          0x000002c5   Thumb Code     0  _printf_percent.o(.ARM.Collect$$_printf_percent$$00000000)
    _printf_p                                0x000002cb   Thumb Code     0  _printf_p.o(.ARM.Collect$$_printf_percent$$00000002)
    _printf_f                                0x000002d1   Thumb Code     0  _printf_f.o(.ARM.Collect$$_printf_percent$$00000003)
    _printf_e                                0x000002d7   Thumb Code     0  _printf_e.o(.ARM.Collect$$_printf_percent$$00000004)
    _printf_g                                0x000002dd   Thumb Code     0  _printf_g.o(.ARM.Collect$$_printf_percent$$00000005)
    _printf_a                                0x000002e3   Thumb Code     0  _printf_a.o(.ARM.Collect$$_printf_percent$$00000006)
    _printf_ll                               0x000002e9   Thumb Code     0  _printf_ll.o(.ARM.Collect$$_printf_percent$$00000007)
    _printf_i                                0x000002f3   Thumb Code     0  _printf_i.o(.ARM.Collect$$_printf_percent$$00000008)
    _printf_d                                0x000002f9   Thumb Code     0  _printf_d.o(.ARM.Collect$$_printf_percent$$00000009)
    _printf_u                                0x000002ff   Thumb Code     0  _printf_u.o(.ARM.Collect$$_printf_percent$$0000000A)
    _printf_o                                0x00000305   Thumb Code     0  _printf_o.o(.ARM.Collect$$_printf_percent$$0000000B)
    _printf_x                                0x0000030b   Thumb Code     0  _printf_x.o(.ARM.Collect$$_printf_percent$$0000000C)
    _printf_lli                              0x00000311   Thumb Code     0  _printf_lli.o(.ARM.Collect$$_printf_percent$$0000000D)
    _printf_lld                              0x00000317   Thumb Code     0  _printf_lld.o(.ARM.Collect$$_printf_percent$$0000000E)
    _printf_llu                              0x0000031d   Thumb Code     0  _printf_llu.o(.ARM.Collect$$_printf_percent$$0000000F)
    _printf_llo                              0x00000323   Thumb Code     0  _printf_llo.o(.ARM.Collect$$_printf_percent$$00000010)
    _printf_llx                              0x00000329   Thumb Code     0  _printf_llx.o(.ARM.Collect$$_printf_percent$$00000011)
    _printf_l                                0x0000032f   Thumb Code     0  _printf_l.o(.ARM.Collect$$_printf_percent$$00000012)
    _printf_c                                0x00000339   Thumb Code     0  _printf_c.o(.ARM.Collect$$_printf_percent$$00000013)
    _printf_s                                0x0000033f   Thumb Code     0  _printf_s.o(.ARM.Collect$$_printf_percent$$00000014)
    _printf_lc                               0x00000345   Thumb Code     0  _printf_lc.o(.ARM.Collect$$_printf_percent$$00000015)
    _printf_ls                               0x0000034b   Thumb Code     0  _printf_ls.o(.ARM.Collect$$_printf_percent$$00000016)
    _printf_percent_end                      0x00000351   Thumb Code     0  _printf_percent_end.o(.ARM.Collect$$_printf_percent$$00000017)
    __rt_lib_init                            0x00000355   Thumb Code     0  libinit.o(.ARM.Collect$$libinit$$00000000)
    __rt_lib_init_fp_1                       0x00000357   Thumb Code     0  libinit2.o(.ARM.Collect$$libinit$$00000001)
    __rt_lib_init_heap_1                     0x0000035b   Thumb Code     0  libinit2.o(.ARM.Collect$$libinit$$0000000C)
    __rt_lib_init_lc_common                  0x0000035b   Thumb Code     0  libinit2.o(.ARM.Collect$$libinit$$00000011)
    __rt_lib_init_preinit_1                  0x0000035b   Thumb Code     0  libinit2.o(.ARM.Collect$$libinit$$00000006)
    __rt_lib_init_rand_1                     0x0000035b   Thumb Code     0  libinit2.o(.ARM.Collect$$libinit$$00000010)
    __rt_lib_init_relocate_pie_1             0x0000035b   Thumb Code     0  libinit2.o(.ARM.Collect$$libinit$$00000004)
    __rt_lib_init_user_alloc_1               0x0000035b   Thumb Code     0  libinit2.o(.ARM.Collect$$libinit$$0000000E)
    __rt_lib_init_lc_collate_1               0x00000361   Thumb Code     0  libinit2.o(.ARM.Collect$$libinit$$00000013)
    __rt_lib_init_lc_ctype_2                 0x00000361   Thumb Code     0  libinit2.o(.ARM.Collect$$libinit$$00000014)
    __rt_lib_init_lc_ctype_1                 0x0000036d   Thumb Code     0  libinit2.o(.ARM.Collect$$libinit$$00000015)
    __rt_lib_init_lc_monetary_1              0x0000036d   Thumb Code     0  libinit2.o(.ARM.Collect$$libinit$$00000017)
    __rt_lib_init_lc_numeric_2               0x0000036d   Thumb Code     0  libinit2.o(.ARM.Collect$$libinit$$00000018)
    __rt_lib_init_alloca_1                   0x00000377   Thumb Code     0  libinit2.o(.ARM.Collect$$libinit$$00000030)
    __rt_lib_init_argv_1                     0x00000377   Thumb Code     0  libinit2.o(.ARM.Collect$$libinit$$0000002E)
    __rt_lib_init_atexit_1                   0x00000377   Thumb Code     0  libinit2.o(.ARM.Collect$$libinit$$0000001D)
    __rt_lib_init_clock_1                    0x00000377   Thumb Code     0  libinit2.o(.ARM.Collect$$libinit$$00000023)
    __rt_lib_init_cpp_1                      0x00000377   Thumb Code     0  libinit2.o(.ARM.Collect$$libinit$$00000034)
    __rt_lib_init_exceptions_1               0x00000377   Thumb Code     0  libinit2.o(.ARM.Collect$$libinit$$00000032)
    __rt_lib_init_fp_trap_1                  0x00000377   Thumb Code     0  libinit2.o(.ARM.Collect$$libinit$$00000021)
    __rt_lib_init_getenv_1                   0x00000377   Thumb Code     0  libinit2.o(.ARM.Collect$$libinit$$00000025)
    __rt_lib_init_lc_numeric_1               0x00000377   Thumb Code     0  libinit2.o(.ARM.Collect$$libinit$$00000019)
    __rt_lib_init_lc_time_1                  0x00000377   Thumb Code     0  libinit2.o(.ARM.Collect$$libinit$$0000001B)
    __rt_lib_init_return                     0x00000377   Thumb Code     0  libinit2.o(.ARM.Collect$$libinit$$00000035)
    __rt_lib_init_signal_1                   0x00000377   Thumb Code     0  libinit2.o(.ARM.Collect$$libinit$$0000001F)
    __rt_lib_init_stdio_1                    0x00000377   Thumb Code     0  libinit2.o(.ARM.Collect$$libinit$$00000027)
    __rt_lib_shutdown                        0x00000379   Thumb Code     0  libshutdown.o(.ARM.Collect$$libshutdown$$00000000)
    __rt_lib_shutdown_cpp_1                  0x0000037b   Thumb Code     0  libshutdown2.o(.ARM.Collect$$libshutdown$$00000002)
    __rt_lib_shutdown_fp_trap_1              0x0000037b   Thumb Code     0  libshutdown2.o(.ARM.Collect$$libshutdown$$00000007)
    __rt_lib_shutdown_heap_1                 0x0000037b   Thumb Code     0  libshutdown2.o(.ARM.Collect$$libshutdown$$0000000F)
    __rt_lib_shutdown_return                 0x0000037b   Thumb Code     0  libshutdown2.o(.ARM.Collect$$libshutdown$$00000010)
    __rt_lib_shutdown_signal_1               0x0000037b   Thumb Code     0  libshutdown2.o(.ARM.Collect$$libshutdown$$0000000A)
    __rt_lib_shutdown_stdio_1                0x0000037b   Thumb Code     0  libshutdown2.o(.ARM.Collect$$libshutdown$$00000004)
    __rt_lib_shutdown_user_alloc_1           0x0000037b   Thumb Code     0  libshutdown2.o(.ARM.Collect$$libshutdown$$0000000C)
    __rt_entry                               0x0000037d   Thumb Code     0  __rtentry.o(.ARM.Collect$$rtentry$$00000000)
    __rt_entry_presh_1                       0x0000037d   Thumb Code     0  __rtentry2.o(.ARM.Collect$$rtentry$$00000002)
    __rt_entry_sh                            0x0000037d   Thumb Code     0  __rtentry4.o(.ARM.Collect$$rtentry$$00000004)
    __rt_entry_li                            0x00000383   Thumb Code     0  __rtentry2.o(.ARM.Collect$$rtentry$$0000000A)
    __rt_entry_postsh_1                      0x00000383   Thumb Code     0  __rtentry2.o(.ARM.Collect$$rtentry$$00000009)
    __rt_entry_main                          0x00000387   Thumb Code     0  __rtentry2.o(.ARM.Collect$$rtentry$$0000000D)
    __rt_entry_postli_1                      0x00000387   Thumb Code     0  __rtentry2.o(.ARM.Collect$$rtentry$$0000000C)
    __rt_exit                                0x0000038f   Thumb Code     0  rtexit.o(.ARM.Collect$$rtexit$$00000000)
    __rt_exit_ls                             0x00000391   Thumb Code     0  rtexit2.o(.ARM.Collect$$rtexit$$00000003)
    __rt_exit_prels_1                        0x00000391   Thumb Code     0  rtexit2.o(.ARM.Collect$$rtexit$$00000002)
    __rt_exit_exit                           0x00000395   Thumb Code     0  rtexit2.o(.ARM.Collect$$rtexit$$00000004)
    OutStr                                   0x0000039d   Thumb Code     0  outstr.o(.text)
    Reset_Handler                            0x00000489   Thumb Code     8  startup_tm4c123.o(.text)
    NMI_Handler                              0x00000491   Thumb Code     2  startup_tm4c123.o(.text)
    HardFault_Handler                        0x00000493   Thumb Code     2  startup_tm4c123.o(.text)
    MemManage_Handler                        0x00000495   Thumb Code     2  startup_tm4c123.o(.text)
    BusFault_Handler                         0x00000497   Thumb Code     2  startup_tm4c123.o(.text)
    UsageFault_Handler                       0x00000499   Thumb Code     2  startup_tm4c123.o(.text)
    SVC_Handler                              0x0000049b   Thumb Code     2  startup_tm4c123.o(.text)
    DebugMon_Handler                         0x0000049d   Thumb Code     2  startup_tm4c123.o(.text)
    PendSV_Handler                           0x0000049f   Thumb Code     2  startup_tm4c123.o(.text)
    SysTick_Handler                          0x000004a1   Thumb Code     2  startup_tm4c123.o(.text)
    GPIOA_Handler                            0x000004a3   Thumb Code     2  startup_tm4c123.o(.text)
    GPIOB_Handler                            0x000004a5   Thumb Code     2  startup_tm4c123.o(.text)
    GPIOC_Handler                            0x000004a7   Thumb Code     2  startup_tm4c123.o(.text)
    GPIOD_Handler                            0x000004a9   Thumb Code     2  startup_tm4c123.o(.text)
    GPIOE_Handler                            0x000004ab   Thumb Code     2  startup_tm4c123.o(.text)
    UART0_Handler                            0x000004ad   Thumb Code     2  startup_tm4c123.o(.text)
    UART1_Handler                            0x000004af   Thumb Code     2  startup_tm4c123.o(.text)
    SSI0_Handler                             0x000004b1   Thumb Code     2  startup_tm4c123.o(.text)
    I2C0_Handler                             0x000004b3   Thumb Code     2  startup_tm4c123.o(.text)
    PMW0_FAULT_Handler                       0x000004b5   Thumb Code     2  startup_tm4c123.o(.text)
    PWM0_0_Handler                           0x000004b7   Thumb Code     2  startup_tm4c123.o(.text)
    PWM0_1_Handler                           0x000004b9   Thumb Code     2  startup_tm4c123.o(.text)
    PWM0_2_Handler                           0x000004bb   Thumb Code     2  startup_tm4c123.o(.text)
    QEI0_Handler                             0x000004bd   Thumb Code     2  startup_tm4c123.o(.text)
    ADC0SS0_Handler                          0x000004bf   Thumb Code     2  startup_tm4c123.o(.text)
    ADC0SS1_Handler                          0x000004c1   Thumb Code     2  startup_tm4c123.o(.text)
    ADC0SS2_Handler                          0x000004c3   Thumb Code     2  startup_tm4c123.o(.text)
    ADC0SS3_Handler                          0x000004c5   Thumb Code     2  startup_tm4c123.o(.text)
    WDT0_Handler                             0x000004c7   Thumb Code     2  startup_tm4c123.o(.text)
    TIMER0A_Handler                          0x000004c9   Thumb Code     2  startup_tm4c123.o(.text)
    TIMER0B_Handler                          0x000004cb   Thumb Code     2  startup_tm4c123.o(.text)
    TIMER1A_Handler                          0x000004cd   Thumb Code     2  startup_tm4c123.o(.text)
    TIMER1B_Handler                          0x000004cf   Thumb Code     2  startup_tm4c123.o(.text)
    TIMER2A_Handler                          0x000004d1   Thumb Code     2  startup_tm4c123.o(.text)
    TIMER2B_Handler                          0x000004d3   Thumb Code     2  startup_tm4c123.o(.text)
    COMP0_Handler                            0x000004d5   Thumb Code     2  startup_tm4c123.o(.text)
    COMP1_Handler                            0x000004d7   Thumb Code     2  startup_tm4c123.o(.text)
    COMP2_Handler                            0x000004d9   Thumb Code     2  startup_tm4c123.o(.text)
    SYSCTL_Handler                           0x000004db   Thumb Code     2  startup_tm4c123.o(.text)
    FLASH_Handler                            0x000004dd   Thumb Code     2  startup_tm4c123.o(.text)
    GPIOF_Handler                            0x000004df   Thumb Code     2  startup_tm4c123.o(.text)
    GPIOG_Handler                            0x000004e1   Thumb Code     2  startup_tm4c123.o(.text)
    GPIOH_Handler                            0x000004e3   Thumb Code     2  startup_tm4c123.o(.text)
    UART2_Handler                            0x000004e5   Thumb Code     2  startup_tm4c123.o(.text)
    SSI1_Handler                             0x000004e7   Thumb Code     2  startup_tm4c123.o(.text)
    TIMER3A_Handler                          0x000004e9   Thumb Code     2  startup_tm4c123.o(.text)
    TIMER3B_Handler                          0x000004eb   Thumb Code     2  startup_tm4c123.o(.text)
    I2C1_Handler                             0x000004ed   Thumb Code     2  startup_tm4c123.o(.text)
    QEI1_Handler                             0x000004ef   Thumb Code     2  startup_tm4c123.o(.text)
    CAN0_Handler                             0x000004f1   Thumb Code     2  startup_tm4c123.o(.text)
    CAN1_Handler                             0x000004f3   Thumb Code     2  startup_tm4c123.o(.text)
    CAN2_Handler                             0x000004f5   Thumb Code     2  startup_tm4c123.o(.text)
    HIB_Handler                              0x000004f7   Thumb Code     2  startup_tm4c123.o(.text)
    USB0_Handler                             0x000004f9   Thumb Code     2  startup_tm4c123.o(.text)
    PWM0_3_Handler                           0x000004fb   Thumb Code     2  startup_tm4c123.o(.text)
    UDMA_Handler                             0x000004fd   Thumb Code     2  startup_tm4c123.o(.text)
    UDMAERR_Handler                          0x000004ff   Thumb Code     2  startup_tm4c123.o(.text)
    ADC1SS0_Handler                          0x00000501   Thumb Code     2  startup_tm4c123.o(.text)
    ADC1SS1_Handler                          0x00000503   Thumb Code     2  startup_tm4c123.o(.text)
    ADC1SS2_Handler                          0x00000505   Thumb Code     2  startup_tm4c123.o(.text)
    ADC1SS3_Handler                          0x00000507   Thumb Code     2  startup_tm4c123.o(.text)
    GPIOJ_Handler                            0x00000509   Thumb Code     2  startup_tm4c123.o(.text)
    GPIOK_Handler                            0x0000050b   Thumb Code     2  startup_tm4c123.o(.text)
    GPIOL_Handler                            0x0000050d   Thumb Code     2  startup_tm4c123.o(.text)
    SSI2_Handler                             0x0000050f   Thumb Code     2  startup_tm4c123.o(.text)
    SSI3_Handler                             0x00000511   Thumb Code     2  startup_tm4c123.o(.text)
    UART3_Handler                            0x00000513   Thumb Code     2  startup_tm4c123.o(.text)
    UART4_Handler                            0x00000515   Thumb Code     2  startup_tm4c123.o(.text)
    UART5_Handler                            0x00000517   Thumb Code     2  startup_tm4c123.o(.text)
    UART6_Handler                            0x00000519   Thumb Code     2  startup_tm4c123.o(.text)
    UART7_Handler                            0x0000051b   Thumb Code     2  startup_tm4c123.o(.text)
    I2C2_Handler                             0x0000051d   Thumb Code     2  startup_tm4c123.o(.text)
    I2C3_Handler                             0x0000051f   Thumb Code     2  startup_tm4c123.o(.text)
    TIMER4A_Handler                          0x00000521   Thumb Code     2  startup_tm4c123.o(.text)
    TIMER4B_Handler                          0x00000523   Thumb Code     2  startup_tm4c123.o(.text)
    TIMER5A_Handler                          0x00000525   Thumb Code     2  startup_tm4c123.o(.text)
    TIMER5B_Handler                          0x00000527   Thumb Code     2  startup_tm4c123.o(.text)
    WTIMER0A_Handler                         0x00000529   Thumb Code     2  startup_tm4c123.o(.text)
    WTIMER0B_Handler                         0x0000052b   Thumb Code     2  startup_tm4c123.o(.text)
    WTIMER1A_Handler                         0x0000052d   Thumb Code     2  startup_tm4c123.o(.text)
    WTIMER1B_Handler                         0x0000052f   Thumb Code     2  startup_tm4c123.o(.text)
    WTIMER2A_Handler                         0x00000531   Thumb Code     2  startup_tm4c123.o(.text)
    WTIMER2B_Handler                         0x00000533   Thumb Code     2  startup_tm4c123.o(.text)
    WTIMER3A_Handler                         0x00000535   Thumb Code     2  startup_tm4c123.o(.text)
    WTIMER3B_Handler                         0x00000537   Thumb Code     2  startup_tm4c123.o(.text)
    WTIMER4A_Handler                         0x00000539   Thumb Code     2  startup_tm4c123.o(.text)
    WTIMER4B_Handler                         0x0000053b   Thumb Code     2  startup_tm4c123.o(.text)
    WTIMER5A_Handler                         0x0000053d   Thumb Code     2  startup_tm4c123.o(.text)
    WTIMER5B_Handler                         0x0000053f   Thumb Code     2  startup_tm4c123.o(.text)
    FPU_Handler                              0x00000541   Thumb Code     2  startup_tm4c123.o(.text)
    I2C4_Handler                             0x00000543   Thumb Code     2  startup_tm4c123.o(.text)
    I2C5_Handler                             0x00000545   Thumb Code     2  startup_tm4c123.o(.text)
    GPIOM_Handler                            0x00000547   Thumb Code     2  startup_tm4c123.o(.text)
    GPION_Handler                            0x00000549   Thumb Code     2  startup_tm4c123.o(.text)
    QEI2_Handler                             0x0000054b   Thumb Code     2  startup_tm4c123.o(.text)
    GPIOP0_Handler                           0x0000054d   Thumb Code     2  startup_tm4c123.o(.text)
    GPIOP1_Handler                           0x0000054f   Thumb Code     2  startup_tm4c123.o(.text)
    GPIOP2_Handler                           0x00000551   Thumb Code     2  startup_tm4c123.o(.text)
    GPIOP3_Handler                           0x00000553   Thumb Code     2  startup_tm4c123.o(.text)
    GPIOP4_Handler                           0x00000555   Thumb Code     2  startup_tm4c123.o(.text)
    GPIOP5_Handler                           0x00000557   Thumb Code     2  startup_tm4c123.o(.text)
    GPIOP6_Handler                           0x00000559   Thumb Code     2  startup_tm4c123.o(.text)
    GPIOP7_Handler                           0x0000055b   Thumb Code     2  startup_tm4c123.o(.text)
    GPIOQ0_Handler                           0x0000055d   Thumb Code     2  startup_tm4c123.o(.text)
    GPIOQ1_Handler                           0x0000055f   Thumb Code     2  startup_tm4c123.o(.text)
    GPIOQ2_Handler                           0x00000561   Thumb Code     2  startup_tm4c123.o(.text)
    GPIOQ3_Handler                           0x00000563   Thumb Code     2  startup_tm4c123.o(.text)
    GPIOQ4_Handler                           0x00000565   Thumb Code     2  startup_tm4c123.o(.text)
    GPIOQ5_Handler                           0x00000567   Thumb Code     2  startup_tm4c123.o(.text)
    GPIOQ6_Handler                           0x00000569   Thumb Code     2  startup_tm4c123.o(.text)
    GPIOQ7_Handler                           0x0000056b   Thumb Code     2  startup_tm4c123.o(.text)
    GPIOR_Handler                            0x0000056d   Thumb Code     2  startup_tm4c123.o(.text)
    GPIOS_Handler                            0x0000056f   Thumb Code     2  startup_tm4c123.o(.text)
    PMW1_0_Handler                           0x00000571   Thumb Code     2  startup_tm4c123.o(.text)
    PWM1_1_Handler                           0x00000573   Thumb Code     2  startup_tm4c123.o(.text)
    PWM1_2_Handler                           0x00000575   Thumb Code     2  startup_tm4c123.o(.text)
    PWM1_3_Handler                           0x00000577   Thumb Code     2  startup_tm4c123.o(.text)
    PWM1_FAULT_Handler                       0x00000579   Thumb Code     2  startup_tm4c123.o(.text)
    __user_initial_stackheap                 0x0000057d   Thumb Code     0  startup_tm4c123.o(.text)
    sprintf                                  0x0000059d   Thumb Code    38  sprintf.o(.text)
    __use_two_region_memory                  0x000005c9   Thumb Code     2  heapauxi.o(.text)
    __rt_heap_escrow$2region                 0x000005cb   Thumb Code     2  heapauxi.o(.text)
    __rt_heap_expand$2region                 0x000005cd   Thumb Code     2  heapauxi.o(.text)
    _printf_pre_padding                      0x000005cf   Thumb Code    44  _printf_pad.o(.text)
    _printf_post_padding                     0x000005fb   Thumb Code    34  _printf_pad.o(.text)
    _printf_truncate_signed                  0x0000061d   Thumb Code    18  _printf_truncate.o(.text)
    _printf_truncate_unsigned                0x0000062f   Thumb Code    18  _printf_truncate.o(.text)
    _printf_str                              0x00000641   Thumb Code    82  _printf_str.o(.text)
    _printf_int_dec                          0x00000695   Thumb Code   104  _printf_dec.o(.text)
    _printf_charcount                        0x0000070d   Thumb Code    40  _printf_charcount.o(.text)
    _printf_char_common                      0x0000073f   Thumb Code    32  _printf_char_common.o(.text)
    _sputc                                   0x00000765   Thumb Code    10  _sputc.o(.text)
    _printf_wctomb                           0x00000771   Thumb Code   182  _printf_wctomb.o(.text)
    _printf_longlong_dec                     0x0000082d   Thumb Code   108  _printf_longlong_dec.o(.text)
    _printf_longlong_oct                     0x000008a9   Thumb Code    68  _printf_oct_int_ll.o(.text)
    _printf_int_oct                          0x000008ed   Thumb Code    24  _printf_oct_int_ll.o(.text)
    _printf_ll_oct                           0x00000905   Thumb Code    12  _printf_oct_int_ll.o(.text)
    _printf_longlong_hex                     0x00000919   Thumb Code    86  _printf_hex_int_ll_ptr.o(.text)
    _printf_int_hex                          0x0000096f   Thumb Code    28  _printf_hex_int_ll_ptr.o(.text)
    _printf_ll_hex                           0x0000098b   Thumb Code    12  _printf_hex_int_ll_ptr.o(.text)
    _printf_hex_ptr                          0x00000997   Thumb Code    18  _printf_hex_int_ll_ptr.o(.text)
    __printf                                 0x000009ad   Thumb Code   388  __printf_flags_ss_wp.o(.text)
    _ll_udiv10                               0x00000b35   Thumb Code   138  lludiv10.o(.text)
    _printf_int_common                       0x00000bbf   Thumb Code   178  _printf_intcommon.o(.text)
    _printf_fp_dec_real                      0x00000e21   Thumb Code   620  _printf_fp_dec.o(.text)
    _printf_fp_hex_real                      0x0000108d   Thumb Code   756  _printf_fp_hex.o(.text)
    _printf_cs_common                        0x00001389   Thumb Code    20  _printf_char.o(.text)
    _printf_char                             0x0000139d   Thumb Code    16  _printf_char.o(.text)
    _printf_string                           0x000013ad   Thumb Code     8  _printf_char.o(.text)
    _printf_lcs_common                       0x000013b5   Thumb Code    20  _printf_wchar.o(.text)
    _printf_wchar                            0x000013c9   Thumb Code    16  _printf_wchar.o(.text)
    _printf_wstring                          0x000013d9   Thumb Code     8  _printf_wchar.o(.text)
    _c16rtomb                                0x000013e1   Thumb Code    72  _c16rtomb.o(.text)
    _wcrtomb                                 0x000013e1   Thumb Code     0  _c16rtomb.o(.text)
    __user_setup_stackheap                   0x00001429   Thumb Code    74  sys_stackheap_outer.o(.text)
    __rt_ctype_table                         0x00001475   Thumb Code    16  rt_ctype_table.o(.text)
    __rt_locale                              0x00001485   Thumb Code     8  rt_locale_intlibspace.o(.text)
    _printf_fp_infnan                        0x0000148d   Thumb Code   112  _printf_fp_infnan.o(.text)
    _btod_etento                             0x0000150d   Thumb Code   224  bigflt0.o(.text)
    exit                                     0x000015f1   Thumb Code    18  exit.o(.text)
    __user_libspace                          0x00001605   Thumb Code     8  libspace.o(.text)
    __user_perproc_libspace                  0x00001605   Thumb Code     0  libspace.o(.text)
    __user_perthread_libspace                0x00001605   Thumb Code     0  libspace.o(.text)
    strcmp                                   0x00001611   Thumb Code   124  strcmpv7em.o(.text)
    _sys_exit                                0x0000168d   Thumb Code     8  sys_exit.o(.text)
    __I$use$semihosting                      0x00001699   Thumb Code     0  use_no_semi.o(.text)
    __use_no_semihosting_swi                 0x00001699   Thumb Code     2  use_no_semi.o(.text)
    __semihosting_library_function           0x0000169b   Thumb Code     0  indicate_semi.o(.text)
    ADC0_init                                0x0000169d   Thumb Code   108  adc.o(.text.ADC0_init)
    GPIO_init                                0x00001709   Thumb Code   106  adc.o(.text.GPIO_init)
    SystemInit                               0x00001775   Thumb Code    18  system_tm4c123.o(.text.SystemInit)
    main                                     0x00001789   Thumb Code   288  adc.o(.text.main)
    _btod_d2e                                0x000018a9   Thumb Code    62  btod.o(CL$$btod_d2e)
    _d2e_denorm_low                          0x000018e7   Thumb Code    70  btod.o(CL$$btod_d2e_denorm_low)
    _d2e_norm_op1                            0x0000192d   Thumb Code    96  btod.o(CL$$btod_d2e_norm_op1)
    __btod_div_common                        0x0000198d   Thumb Code   696  btod.o(CL$$btod_div_common)
    _e2e                                     0x00001cc5   Thumb Code   220  btod.o(CL$$btod_e2e)
    _btod_ediv                               0x00001da1   Thumb Code    42  btod.o(CL$$btod_ediv)
    _btod_emul                               0x00001dcb   Thumb Code    42  btod.o(CL$$btod_emul)
    __btod_mult_common                       0x00001df5   Thumb Code   580  btod.o(CL$$btod_mult_common)
    __ARM_fpclassify                         0x00002039   Thumb Code    48  fpclassify.o(i.__ARM_fpclassify)
    _is_digit                                0x00002069   Thumb Code    14  __printf_wp.o(i._is_digit)
    _get_lc_numeric                          0x00002079   Thumb Code    44  lc_numeric_c.o(locale$$code)
    _get_lc_ctype                            0x000020a5   Thumb Code    44  lc_ctype_c.o(locale$$code)
    DELAY1S                                  0x000020d1   Thumb Code    18  delay1s.o(main)
    __aeabi_d2f                              0x000020e5   Thumb Code     0  d2f.o(x$fpl$d2f)
    _d2f                                     0x000020e5   Thumb Code    98  d2f.o(x$fpl$d2f)
    __aeabi_dadd                             0x00002149   Thumb Code     0  daddsub_clz.o(x$fpl$dadd)
    _dadd                                    0x00002149   Thumb Code   332  daddsub_clz.o(x$fpl$dadd)
    __aeabi_i2d                              0x00002299   Thumb Code     0  dflt_clz.o(x$fpl$dflt)
    _dflt                                    0x00002299   Thumb Code    46  dflt_clz.o(x$fpl$dflt)
    __aeabi_dmul                             0x000022c9   Thumb Code     0  dmul.o(x$fpl$dmul)
    _dmul                                    0x000022c9   Thumb Code   332  dmul.o(x$fpl$dmul)
    __fpl_dnaninf                            0x0000241d   Thumb Code   156  dnaninf.o(x$fpl$dnaninf)
    __fpl_dretinf                            0x000024b9   Thumb Code    12  dretinf.o(x$fpl$dretinf)
    __aeabi_dsub                             0x000024c5   Thumb Code     0  daddsub_clz.o(x$fpl$dsub)
    _dsub                                    0x000024c5   Thumb Code   472  daddsub_clz.o(x$fpl$dsub)
    __aeabi_f2d                              0x000026a1   Thumb Code     0  f2d.o(x$fpl$f2d)
    _f2d                                     0x000026a1   Thumb Code    86  f2d.o(x$fpl$f2d)
    __fpl_fnaninf                            0x000026f7   Thumb Code   140  fnaninf.o(x$fpl$fnaninf)
    _fp_init                                 0x00002783   Thumb Code    26  fpinit.o(x$fpl$fpinit)
    __fplib_config_fpu_vfp                   0x0000279b   Thumb Code     0  fpinit.o(x$fpl$fpinit)
    __fplib_config_pureend_doubles           0x0000279b   Thumb Code     0  fpinit.o(x$fpl$fpinit)
    __fpl_fretinf                            0x0000279d   Thumb Code    10  fretinf.o(x$fpl$fretinf)
    _printf_fp_dec                           0x000027a7   Thumb Code     4  printf1.o(x$fpl$printf1)
    _printf_fp_hex                           0x000027ab   Thumb Code     4  printf2.o(x$fpl$printf2)
    __I$use$fp                               0x000027ae   Number         0  usenofp.o(x$fpl$usenofp)
    Region$$Table$$Base                      0x000028b8   Number         0  anon$$obj.o(Region$$Table)
    Region$$Table$$Limit                     0x000028c8   Number         0  anon$$obj.o(Region$$Table)
    __ctype                                  0x000028f1   Data           0  lc_ctype_c.o(locale$$data)
    __libspace_start                         0x20000000   Data          96  libspace.o(.bss)
    __temporary_stack_top$libspace           0x20000060   Data           0  libspace.o(.bss)
    adc_raw                                  0x20000060   Data           4  adc.o(.bss.adc_raw)
    charArr                                  0x20000064   Data          24  adc.o(.bss.charArr)
    voltage                                  0x2000007c   Data           4  adc.o(.bss.voltage)



==============================================================================

Memory Map of the image

  Image Entry point : 0x00000489

  Load Region LR_1 (Base: 0x00000000, Size: 0x000029f4, Max: 0xffffffff, ABSOLUTE)

    Execution Region ER_RO (Exec base: 0x00000000, Load base: 0x00000000, Size: 0x000029f4, Max: 0xffffffff, ABSOLUTE)

    Exec Addr    Load Addr    Size         Type   Attr      Idx    E Section Name        Object

    0x00000000   0x00000000   0x0000026c   Data   RO           34    RESET               startup_tm4c123.o
    0x0000026c   0x0000026c   0x00000008   Code   RO           59  * !!!main             c_w.l(__main.o)
    0x00000274   0x00000274   0x00000034   Code   RO          422    !!!scatter          c_w.l(__scatter.o)
    0x000002a8   0x000002a8   0x0000001c   Code   RO          424    !!handler_zi        c_w.l(__scatter_zi.o)
    0x000002c4   0x000002c4   0x00000000   Code   RO          161    .ARM.Collect$$_printf_percent$$00000000  c_w.l(_printf_percent.o)
    0x000002c4   0x000002c4   0x00000006   Code   RO          150    .ARM.Collect$$_printf_percent$$00000001  c_w.l(_printf_n.o)
    0x000002ca   0x000002ca   0x00000006   Code   RO          152    .ARM.Collect$$_printf_percent$$00000002  c_w.l(_printf_p.o)
    0x000002d0   0x000002d0   0x00000006   Code   RO          157    .ARM.Collect$$_printf_percent$$00000003  c_w.l(_printf_f.o)
    0x000002d6   0x000002d6   0x00000006   Code   RO          158    .ARM.Collect$$_printf_percent$$00000004  c_w.l(_printf_e.o)
    0x000002dc   0x000002dc   0x00000006   Code   RO          159    .ARM.Collect$$_printf_percent$$00000005  c_w.l(_printf_g.o)
    0x000002e2   0x000002e2   0x00000006   Code   RO          160    .ARM.Collect$$_printf_percent$$00000006  c_w.l(_printf_a.o)
    0x000002e8   0x000002e8   0x0000000a   Code   RO          165    .ARM.Collect$$_printf_percent$$00000007  c_w.l(_printf_ll.o)
    0x000002f2   0x000002f2   0x00000006   Code   RO          154    .ARM.Collect$$_printf_percent$$00000008  c_w.l(_printf_i.o)
    0x000002f8   0x000002f8   0x00000006   Code   RO          155    .ARM.Collect$$_printf_percent$$00000009  c_w.l(_printf_d.o)
    0x000002fe   0x000002fe   0x00000006   Code   RO          156    .ARM.Collect$$_printf_percent$$0000000A  c_w.l(_printf_u.o)
    0x00000304   0x00000304   0x00000006   Code   RO          153    .ARM.Collect$$_printf_percent$$0000000B  c_w.l(_printf_o.o)
    0x0000030a   0x0000030a   0x00000006   Code   RO          151    .ARM.Collect$$_printf_percent$$0000000C  c_w.l(_printf_x.o)
    0x00000310   0x00000310   0x00000006   Code   RO          162    .ARM.Collect$$_printf_percent$$0000000D  c_w.l(_printf_lli.o)
    0x00000316   0x00000316   0x00000006   Code   RO          163    .ARM.Collect$$_printf_percent$$0000000E  c_w.l(_printf_lld.o)
    0x0000031c   0x0000031c   0x00000006   Code   RO          164    .ARM.Collect$$_printf_percent$$0000000F  c_w.l(_printf_llu.o)
    0x00000322   0x00000322   0x00000006   Code   RO          169    .ARM.Collect$$_printf_percent$$00000010  c_w.l(_printf_llo.o)
    0x00000328   0x00000328   0x00000006   Code   RO          170    .ARM.Collect$$_printf_percent$$00000011  c_w.l(_printf_llx.o)
    0x0000032e   0x0000032e   0x0000000a   Code   RO          166    .ARM.Collect$$_printf_percent$$00000012  c_w.l(_printf_l.o)
    0x00000338   0x00000338   0x00000006   Code   RO          148    .ARM.Collect$$_printf_percent$$00000013  c_w.l(_printf_c.o)
    0x0000033e   0x0000033e   0x00000006   Code   RO          149    .ARM.Collect$$_printf_percent$$00000014  c_w.l(_printf_s.o)
    0x00000344   0x00000344   0x00000006   Code   RO          167    .ARM.Collect$$_printf_percent$$00000015  c_w.l(_printf_lc.o)
    0x0000034a   0x0000034a   0x00000006   Code   RO          168    .ARM.Collect$$_printf_percent$$00000016  c_w.l(_printf_ls.o)
    0x00000350   0x00000350   0x00000004   Code   RO          220    .ARM.Collect$$_printf_percent$$00000017  c_w.l(_printf_percent_end.o)
    0x00000354   0x00000354   0x00000002   Code   RO          271    .ARM.Collect$$libinit$$00000000  c_w.l(libinit.o)
    0x00000356   0x00000356   0x00000004   Code   RO          288    .ARM.Collect$$libinit$$00000001  c_w.l(libinit2.o)
    0x0000035a   0x0000035a   0x00000000   Code   RO          291    .ARM.Collect$$libinit$$00000004  c_w.l(libinit2.o)
    0x0000035a   0x0000035a   0x00000000   Code   RO          293    .ARM.Collect$$libinit$$00000006  c_w.l(libinit2.o)
    0x0000035a   0x0000035a   0x00000000   Code   RO          296    .ARM.Collect$$libinit$$0000000C  c_w.l(libinit2.o)
    0x0000035a   0x0000035a   0x00000000   Code   RO          298    .ARM.Collect$$libinit$$0000000E  c_w.l(libinit2.o)
    0x0000035a   0x0000035a   0x00000000   Code   RO          300    .ARM.Collect$$libinit$$00000010  c_w.l(libinit2.o)
    0x0000035a   0x0000035a   0x00000006   Code   RO          301    .ARM.Collect$$libinit$$00000011  c_w.l(libinit2.o)
    0x00000360   0x00000360   0x00000000   Code   RO          303    .ARM.Collect$$libinit$$00000013  c_w.l(libinit2.o)
    0x00000360   0x00000360   0x0000000c   Code   RO          304    .ARM.Collect$$libinit$$00000014  c_w.l(libinit2.o)
    0x0000036c   0x0000036c   0x00000000   Code   RO          305    .ARM.Collect$$libinit$$00000015  c_w.l(libinit2.o)
    0x0000036c   0x0000036c   0x00000000   Code   RO          307    .ARM.Collect$$libinit$$00000017  c_w.l(libinit2.o)
    0x0000036c   0x0000036c   0x0000000a   Code   RO          308    .ARM.Collect$$libinit$$00000018  c_w.l(libinit2.o)
    0x00000376   0x00000376   0x00000000   Code   RO          309    .ARM.Collect$$libinit$$00000019  c_w.l(libinit2.o)
    0x00000376   0x00000376   0x00000000   Code   RO          311    .ARM.Collect$$libinit$$0000001B  c_w.l(libinit2.o)
    0x00000376   0x00000376   0x00000000   Code   RO          313    .ARM.Collect$$libinit$$0000001D  c_w.l(libinit2.o)
    0x00000376   0x00000376   0x00000000   Code   RO          315    .ARM.Collect$$libinit$$0000001F  c_w.l(libinit2.o)
    0x00000376   0x00000376   0x00000000   Code   RO          317    .ARM.Collect$$libinit$$00000021  c_w.l(libinit2.o)
    0x00000376   0x00000376   0x00000000   Code   RO          319    .ARM.Collect$$libinit$$00000023  c_w.l(libinit2.o)
    0x00000376   0x00000376   0x00000000   Code   RO          321    .ARM.Collect$$libinit$$00000025  c_w.l(libinit2.o)
    0x00000376   0x00000376   0x00000000   Code   RO          323    .ARM.Collect$$libinit$$00000027  c_w.l(libinit2.o)
    0x00000376   0x00000376   0x00000000   Code   RO          327    .ARM.Collect$$libinit$$0000002E  c_w.l(libinit2.o)
    0x00000376   0x00000376   0x00000000   Code   RO          329    .ARM.Collect$$libinit$$00000030  c_w.l(libinit2.o)
    0x00000376   0x00000376   0x00000000   Code   RO          331    .ARM.Collect$$libinit$$00000032  c_w.l(libinit2.o)
    0x00000376   0x00000376   0x00000000   Code   RO          333    .ARM.Collect$$libinit$$00000034  c_w.l(libinit2.o)
    0x00000376   0x00000376   0x00000002   Code   RO          334    .ARM.Collect$$libinit$$00000035  c_w.l(libinit2.o)
    0x00000378   0x00000378   0x00000002   Code   RO          358    .ARM.Collect$$libshutdown$$00000000  c_w.l(libshutdown.o)
    0x0000037a   0x0000037a   0x00000000   Code   RO          373    .ARM.Collect$$libshutdown$$00000002  c_w.l(libshutdown2.o)
    0x0000037a   0x0000037a   0x00000000   Code   RO          375    .ARM.Collect$$libshutdown$$00000004  c_w.l(libshutdown2.o)
    0x0000037a   0x0000037a   0x00000000   Code   RO          378    .ARM.Collect$$libshutdown$$00000007  c_w.l(libshutdown2.o)
    0x0000037a   0x0000037a   0x00000000   Code   RO          381    .ARM.Collect$$libshutdown$$0000000A  c_w.l(libshutdown2.o)
    0x0000037a   0x0000037a   0x00000000   Code   RO          383    .ARM.Collect$$libshutdown$$0000000C  c_w.l(libshutdown2.o)
    0x0000037a   0x0000037a   0x00000000   Code   RO          386    .ARM.Collect$$libshutdown$$0000000F  c_w.l(libshutdown2.o)
    0x0000037a   0x0000037a   0x00000002   Code   RO          387    .ARM.Collect$$libshutdown$$00000010  c_w.l(libshutdown2.o)
    0x0000037c   0x0000037c   0x00000000   Code   RO           79    .ARM.Collect$$rtentry$$00000000  c_w.l(__rtentry.o)
    0x0000037c   0x0000037c   0x00000000   Code   RO          189    .ARM.Collect$$rtentry$$00000002  c_w.l(__rtentry2.o)
    0x0000037c   0x0000037c   0x00000006   Code   RO          201    .ARM.Collect$$rtentry$$00000004  c_w.l(__rtentry4.o)
    0x00000382   0x00000382   0x00000000   Code   RO          191    .ARM.Collect$$rtentry$$00000009  c_w.l(__rtentry2.o)
    0x00000382   0x00000382   0x00000004   Code   RO          192    .ARM.Collect$$rtentry$$0000000A  c_w.l(__rtentry2.o)
    0x00000386   0x00000386   0x00000000   Code   RO          194    .ARM.Collect$$rtentry$$0000000C  c_w.l(__rtentry2.o)
    0x00000386   0x00000386   0x00000008   Code   RO          195    .ARM.Collect$$rtentry$$0000000D  c_w.l(__rtentry2.o)
    0x0000038e   0x0000038e   0x00000002   Code   RO          279    .ARM.Collect$$rtexit$$00000000  c_w.l(rtexit.o)
    0x00000390   0x00000390   0x00000000   Code   RO          336    .ARM.Collect$$rtexit$$00000002  c_w.l(rtexit2.o)
    0x00000390   0x00000390   0x00000004   Code   RO          337    .ARM.Collect$$rtexit$$00000003  c_w.l(rtexit2.o)
    0x00000394   0x00000394   0x00000006   Code   RO          338    .ARM.Collect$$rtexit$$00000004  c_w.l(rtexit2.o)
    0x0000039a   0x0000039a   0x00000002   PAD
    0x0000039c   0x0000039c   0x000000ec   Code   RO           25    .text               outstr.o
    0x00000488   0x00000488   0x00000114   Code   RO           35  * .text               startup_tm4c123.o
    0x0000059c   0x0000059c   0x0000002c   Code   RO           55    .text               c_w.l(sprintf.o)
    0x000005c8   0x000005c8   0x00000006   Code   RO           57    .text               c_w.l(heapauxi.o)
    0x000005ce   0x000005ce   0x0000004e   Code   RO           82    .text               c_w.l(_printf_pad.o)
    0x0000061c   0x0000061c   0x00000024   Code   RO           84    .text               c_w.l(_printf_truncate.o)
    0x00000640   0x00000640   0x00000052   Code   RO           86    .text               c_w.l(_printf_str.o)
    0x00000692   0x00000692   0x00000002   PAD
    0x00000694   0x00000694   0x00000078   Code   RO           88    .text               c_w.l(_printf_dec.o)
    0x0000070c   0x0000070c   0x00000028   Code   RO           90    .text               c_w.l(_printf_charcount.o)
    0x00000734   0x00000734   0x00000030   Code   RO           92    .text               c_w.l(_printf_char_common.o)
    0x00000764   0x00000764   0x0000000a   Code   RO           94    .text               c_w.l(_sputc.o)
    0x0000076e   0x0000076e   0x00000002   PAD
    0x00000770   0x00000770   0x000000bc   Code   RO           96    .text               c_w.l(_printf_wctomb.o)
    0x0000082c   0x0000082c   0x0000007c   Code   RO           99    .text               c_w.l(_printf_longlong_dec.o)
    0x000008a8   0x000008a8   0x00000070   Code   RO          105    .text               c_w.l(_printf_oct_int_ll.o)
    0x00000918   0x00000918   0x00000094   Code   RO          125    .text               c_w.l(_printf_hex_int_ll_ptr.o)
    0x000009ac   0x000009ac   0x00000188   Code   RO          145    .text               c_w.l(__printf_flags_ss_wp.o)
    0x00000b34   0x00000b34   0x0000008a   Code   RO          203    .text               c_w.l(lludiv10.o)
    0x00000bbe   0x00000bbe   0x000000b2   Code   RO          205    .text               c_w.l(_printf_intcommon.o)
    0x00000c70   0x00000c70   0x0000041c   Code   RO          207    .text               c_w.l(_printf_fp_dec.o)
    0x0000108c   0x0000108c   0x000002fc   Code   RO          211    .text               c_w.l(_printf_fp_hex.o)
    0x00001388   0x00001388   0x0000002c   Code   RO          216    .text               c_w.l(_printf_char.o)
    0x000013b4   0x000013b4   0x0000002c   Code   RO          218    .text               c_w.l(_printf_wchar.o)
    0x000013e0   0x000013e0   0x00000048   Code   RO          221    .text               c_w.l(_c16rtomb.o)
    0x00001428   0x00001428   0x0000004a   Code   RO          223    .text               c_w.l(sys_stackheap_outer.o)
    0x00001472   0x00001472   0x00000002   PAD
    0x00001474   0x00001474   0x00000010   Code   RO          225    .text               c_w.l(rt_ctype_table.o)
    0x00001484   0x00001484   0x00000008   Code   RO          230    .text               c_w.l(rt_locale_intlibspace.o)
    0x0000148c   0x0000148c   0x00000080   Code   RO          232    .text               c_w.l(_printf_fp_infnan.o)
    0x0000150c   0x0000150c   0x000000e4   Code   RO          234    .text               c_w.l(bigflt0.o)
    0x000015f0   0x000015f0   0x00000012   Code   RO          264    .text               c_w.l(exit.o)
    0x00001602   0x00001602   0x00000002   PAD
    0x00001604   0x00001604   0x00000008   Code   RO          276    .text               c_w.l(libspace.o)
    0x0000160c   0x0000160c   0x00000004   PAD
    0x00001610   0x00001610   0x0000007c   Code   RO          286    .text               c_w.l(strcmpv7em.o)
    0x0000168c   0x0000168c   0x0000000c   Code   RO          348    .text               c_w.l(sys_exit.o)
    0x00001698   0x00001698   0x00000002   Code   RO          363    .text               c_w.l(use_no_semi.o)
    0x0000169a   0x0000169a   0x00000000   Code   RO          365    .text               c_w.l(indicate_semi.o)
    0x0000169a   0x0000169a   0x00000002   PAD
    0x0000169c   0x0000169c   0x0000006c   Code   RO           10    .text.ADC0_init     adc.o
    0x00001708   0x00001708   0x0000006a   Code   RO            8    .text.GPIO_init     adc.o
    0x00001772   0x00001772   0x00000002   PAD
    0x00001774   0x00001774   0x00000012   Code   RO           44    .text.SystemInit    system_tm4c123.o
    0x00001786   0x00001786   0x00000002   PAD
    0x00001788   0x00001788   0x00000120   Code   RO           12    .text.main          adc.o
    0x000018a8   0x000018a8   0x0000003e   Code   RO          237    CL$$btod_d2e        c_w.l(btod.o)
    0x000018e6   0x000018e6   0x00000046   Code   RO          239    CL$$btod_d2e_denorm_low  c_w.l(btod.o)
    0x0000192c   0x0000192c   0x00000060   Code   RO          238    CL$$btod_d2e_norm_op1  c_w.l(btod.o)
    0x0000198c   0x0000198c   0x00000338   Code   RO          247    CL$$btod_div_common  c_w.l(btod.o)
    0x00001cc4   0x00001cc4   0x000000dc   Code   RO          244    CL$$btod_e2e        c_w.l(btod.o)
    0x00001da0   0x00001da0   0x0000002a   Code   RO          241    CL$$btod_ediv       c_w.l(btod.o)
    0x00001dca   0x00001dca   0x0000002a   Code   RO          240    CL$$btod_emul       c_w.l(btod.o)
    0x00001df4   0x00001df4   0x00000244   Code   RO          246    CL$$btod_mult_common  c_w.l(btod.o)
    0x00002038   0x00002038   0x00000030   Code   RO          274    i.__ARM_fpclassify  m_wm.l(fpclassify.o)
    0x00002068   0x00002068   0x0000000e   Code   RO          138    i._is_digit         c_w.l(__printf_wp.o)
    0x00002076   0x00002076   0x00000002   PAD
    0x00002078   0x00002078   0x0000002c   Code   RO          262    locale$$code        c_w.l(lc_numeric_c.o)
    0x000020a4   0x000020a4   0x0000002c   Code   RO          284    locale$$code        c_w.l(lc_ctype_c.o)
    0x000020d0   0x000020d0   0x00000014   Code   RO            1    main                delay1s.o
    0x000020e4   0x000020e4   0x00000062   Code   RO           61    x$fpl$d2f           fz_wm.l(d2f.o)
    0x00002146   0x00002146   0x00000002   PAD
    0x00002148   0x00002148   0x00000150   Code   RO           63    x$fpl$dadd          fz_wm.l(daddsub_clz.o)
    0x00002298   0x00002298   0x0000002e   Code   RO           70    x$fpl$dflt          fz_wm.l(dflt_clz.o)
    0x000022c6   0x000022c6   0x00000002   PAD
    0x000022c8   0x000022c8   0x00000154   Code   RO           75    x$fpl$dmul          fz_wm.l(dmul.o)
    0x0000241c   0x0000241c   0x0000009c   Code   RO          171    x$fpl$dnaninf       fz_wm.l(dnaninf.o)
    0x000024b8   0x000024b8   0x0000000c   Code   RO          173    x$fpl$dretinf       fz_wm.l(dretinf.o)
    0x000024c4   0x000024c4   0x000001dc   Code   RO           65    x$fpl$dsub          fz_wm.l(daddsub_clz.o)
    0x000026a0   0x000026a0   0x00000056   Code   RO           77    x$fpl$f2d           fz_wm.l(f2d.o)
    0x000026f6   0x000026f6   0x0000008c   Code   RO          175    x$fpl$fnaninf       fz_wm.l(fnaninf.o)
    0x00002782   0x00002782   0x0000001a   Code   RO          346    x$fpl$fpinit        fz_wm.l(fpinit.o)
    0x0000279c   0x0000279c   0x0000000a   Code   RO          177    x$fpl$fretinf       fz_wm.l(fretinf.o)
    0x000027a6   0x000027a6   0x00000004   Code   RO          179    x$fpl$printf1       fz_wm.l(printf1.o)
    0x000027aa   0x000027aa   0x00000004   Code   RO          181    x$fpl$printf2       fz_wm.l(printf2.o)
    0x000027ae   0x000027ae   0x00000000   Code   RO          187    x$fpl$usenofp       fz_wm.l(usenofp.o)
    0x000027ae   0x000027ae   0x00000002   PAD
    0x000027b0   0x000027b0   0x00000008   Data   RO           97    .constdata          c_w.l(_printf_wctomb.o)
    0x000027b8   0x000027b8   0x00000028   Data   RO          126    .constdata          c_w.l(_printf_hex_int_ll_ptr.o)
    0x000027e0   0x000027e0   0x00000011   Data   RO          146    .constdata          c_w.l(__printf_flags_ss_wp.o)
    0x000027f1   0x000027f1   0x00000026   Data   RO          212    .constdata          c_w.l(_printf_fp_hex.o)
    0x00002817   0x00002817   0x00000001   PAD
    0x00002818   0x00002818   0x00000094   Data   RO          235    .constdata          c_w.l(bigflt0.o)
    0x000028ac   0x000028ac   0x0000000b   Data   RO           17    .rodata.str1.1      adc.o
    0x000028b7   0x000028b7   0x00000001   PAD
    0x000028b8   0x000028b8   0x00000010   Data   RO          421    Region$$Table       anon$$obj.o
    0x000028c8   0x000028c8   0x0000001c   Data   RO          261    locale$$data        c_w.l(lc_numeric_c.o)
    0x000028e4   0x000028e4   0x00000110   Data   RO          283    locale$$data        c_w.l(lc_ctype_c.o)


    Execution Region ER_RW (Exec base: 0x20000000, Load base: 0x000029f4, Size: 0x00000000, Max: 0xffffffff, ABSOLUTE)

    **** No section assigned to this execution region ****


    Execution Region ER_ZI (Exec base: 0x20000000, Load base: 0x000029f4, Size: 0x00000280, Max: 0xffffffff, ABSOLUTE)

    Exec Addr    Load Addr    Size         Type   Attr      Idx    E Section Name        Object

    0x20000000        -       0x00000060   Zero   RW          277    .bss                c_w.l(libspace.o)
    0x20000060        -       0x00000004   Zero   RW           14    .bss.adc_raw        adc.o
    0x20000064        -       0x00000018   Zero   RW           16    .bss.charArr        adc.o
    0x2000007c        -       0x00000004   Zero   RW           15    .bss.voltage        adc.o
    0x20000080        -       0x00000000   Zero   RW           33    HEAP                startup_tm4c123.o
    0x20000080        -       0x00000200   Zero   RW           32    STACK               startup_tm4c123.o


==============================================================================

Image component sizes


      Code (inc. data)   RO Data    RW Data    ZI Data      Debug   Object Name

       502         16         11          0         32       7356   adc.o
        20          2          0          0          0        432   delay1s.o
       236         54          0          0          0        336   outstr.o
       276         24        620          0        512       5496   startup_tm4c123.o
        18          0          0          0          0       6668   system_tm4c123.o

    ----------------------------------------------------------------------
      1056         96        648          0        544      20288   Object Totals
         0          0         16          0          0          0   (incl. Generated)
         4          0          1          0          0          0   (incl. Padding)

    ----------------------------------------------------------------------

      Code (inc. data)   RO Data    RW Data    ZI Data      Debug   Library Member Name

         8          0          0          0          0         68   __main.o
       392          4         17          0          0         92   __printf_flags_ss_wp.o
        14          0          0          0          0         68   __printf_wp.o
         0          0          0          0          0          0   __rtentry.o
        12          0          0          0          0          0   __rtentry2.o
         6          0          0          0          0          0   __rtentry4.o
        52          8          0          0          0          0   __scatter.o
        28          0          0          0          0          0   __scatter_zi.o
        72          0          0          0          0         96   _c16rtomb.o
         6          0          0          0          0          0   _printf_a.o
         6          0          0          0          0          0   _printf_c.o
        44          0          0          0          0        108   _printf_char.o
        48          6          0          0          0         96   _printf_char_common.o
        40          0          0          0          0         68   _printf_charcount.o
         6          0          0          0          0          0   _printf_d.o
       120         16          0          0          0         92   _printf_dec.o
         6          0          0          0          0          0   _printf_e.o
         6          0          0          0          0          0   _printf_f.o
      1052          0          0          0          0        148   _printf_fp_dec.o
       764          8         38          0          0        100   _printf_fp_hex.o
       128         16          0          0          0         84   _printf_fp_infnan.o
         6          0          0          0          0          0   _printf_g.o
       148          4         40          0          0        160   _printf_hex_int_ll_ptr.o
         6          0          0          0          0          0   _printf_i.o
       178          0          0          0          0         88   _printf_intcommon.o
        10          0          0          0          0          0   _printf_l.o
         6          0          0          0          0          0   _printf_lc.o
        10          0          0          0          0          0   _printf_ll.o
         6          0          0          0          0          0   _printf_lld.o
         6          0          0          0          0          0   _printf_lli.o
         6          0          0          0          0          0   _printf_llo.o
         6          0          0          0          0          0   _printf_llu.o
         6          0          0          0          0          0   _printf_llx.o
       124         16          0          0          0         92   _printf_longlong_dec.o
         6          0          0          0          0          0   _printf_ls.o
         6          0          0          0          0          0   _printf_n.o
         6          0          0          0          0          0   _printf_o.o
       112          8          0          0          0        124   _printf_oct_int_ll.o
         6          0          0          0          0          0   _printf_p.o
        78          0          0          0          0        108   _printf_pad.o
         0          0          0          0          0          0   _printf_percent.o
         4          0          0          0          0          0   _printf_percent_end.o
         6          0          0          0          0          0   _printf_s.o
        82          0          0          0          0         80   _printf_str.o
        36          0          0          0          0         84   _printf_truncate.o
         6          0          0          0          0          0   _printf_u.o
        44          0          0          0          0        108   _printf_wchar.o
       188          6          8          0          0         92   _printf_wctomb.o
         6          0          0          0          0          0   _printf_x.o
        10          0          0          0          0         68   _sputc.o
       228          4        148          0          0         96   bigflt0.o
      1936        128          0          0          0        668   btod.o
        18          0          0          0          0         80   exit.o
         6          0          0          0          0        152   heapauxi.o
         0          0          0          0          0          0   indicate_semi.o
        44         10        272          0          0         76   lc_ctype_c.o
        44         10         28          0          0         76   lc_numeric_c.o
         2          0          0          0          0          0   libinit.o
        34          0          0          0          0          0   libinit2.o
         2          0          0          0          0          0   libshutdown.o
         2          0          0          0          0          0   libshutdown2.o
         8          4          0          0         96         68   libspace.o
       138          0          0          0          0         80   lludiv10.o
        16          4          0          0          0         76   rt_ctype_table.o
         8          4          0          0          0         68   rt_locale_intlibspace.o
         2          0          0          0          0          0   rtexit.o
        10          0          0          0          0          0   rtexit2.o
        44          6          0          0          0         84   sprintf.o
       124          0          0          0          0         88   strcmpv7em.o
        12          4          0          0          0         68   sys_exit.o
        74          0          0          0          0         80   sys_stackheap_outer.o
         2          0          0          0          0         68   use_no_semi.o
        98          4          0          0          0        140   d2f.o
       812         16          0          0          0        392   daddsub_clz.o
        46          0          0          0          0        116   dflt_clz.o
       340         12          0          0          0        152   dmul.o
       156          4          0          0          0        140   dnaninf.o
        12          0          0          0          0        116   dretinf.o
        86          4          0          0          0        132   f2d.o
       140          4          0          0          0        132   fnaninf.o
        26          0          0          0          0        116   fpinit.o
        10          0          0          0          0        116   fretinf.o
         4          0          0          0          0        116   printf1.o
         4          0          0          0          0        116   printf2.o
         0          0          0          0          0          0   usenofp.o
        48          0          0          0          0        124   fpclassify.o

    ----------------------------------------------------------------------
      8484        314        552          0         96       5760   Library Totals
        24          4          1          0          0          0   (incl. Padding)

    ----------------------------------------------------------------------

      Code (inc. data)   RO Data    RW Data    ZI Data      Debug   Library Name

      6678        266        551          0         96       3852   c_w.l
      1734         44          0          0          0       1784   fz_wm.l
        48          0          0          0          0        124   m_wm.l

    ----------------------------------------------------------------------
      8484        314        552          0         96       5760   Library Totals

    ----------------------------------------------------------------------

==============================================================================


      Code (inc. data)   RO Data    RW Data    ZI Data      Debug   

      9540        410       1200          0        640      22632   Grand Totals
      9540        410       1200          0        640      22632   ELF Image Totals
      9540        410       1200          0          0          0   ROM Totals

==============================================================================

    Total RO  Size (Code + RO Data)                10740 (  10.49kB)
    Total RW  Size (RW Data + ZI Data)               640 (   0.62kB)
    Total ROM Size (Code + RO Data + RW Data)      10740 (  10.49kB)

==============================================================================

